Archive member included to satisfy reference by file (symbol)

e:/coide/gccc/5.4 2016q3/bin/../lib/gcc/arm-none-eabi/5.4.1/armv7e-m\libgcc.a(_arm_addsubdf3.o)
                              ..\obj\tm_stm32f4_timer_properties.o (__aeabi_ui2d)
e:/coide/gccc/5.4 2016q3/bin/../lib/gcc/arm-none-eabi/5.4.1/armv7e-m\libgcc.a(_arm_muldivdf3.o)
                              ..\obj\tm_stm32f4_timer_properties.o (__aeabi_ddiv)
e:/coide/gccc/5.4 2016q3/bin/../lib/gcc/arm-none-eabi/5.4.1/armv7e-m\libgcc.a(_arm_cmpdf2.o)
                              ..\obj\tm_stm32f4_timer_properties.o (__aeabi_dcmpeq)
e:/coide/gccc/5.4 2016q3/bin/../lib/gcc/arm-none-eabi/5.4.1/armv7e-m\libgcc.a(_arm_fixunsdfsi.o)
                              ..\obj\tm_stm32f4_timer_properties.o (__aeabi_d2uiz)
e:/coide/gccc/5.4 2016q3/bin/../lib/gcc/arm-none-eabi/5.4.1/armv7e-m\libgcc.a(_arm_addsubsf3.o)
                              ..\obj\main.o (__aeabi_fadd)
e:/coide/gccc/5.4 2016q3/bin/../lib/gcc/arm-none-eabi/5.4.1/armv7e-m\libgcc.a(_arm_muldivsf3.o)
                              ..\obj\main.o (__aeabi_fdiv)
e:/coide/gccc/5.4 2016q3/bin/../lib/gcc/arm-none-eabi/5.4.1/armv7e-m\libgcc.a(_arm_fixsfsi.o)
                              ..\obj\main.o (__aeabi_f2iz)
e:/coide/gccc/5.4 2016q3/bin/../lib/gcc/arm-none-eabi/5.4.1/../../../../arm-none-eabi/lib/armv7e-m\libg.a(lib_a-malloc.o)
                              ..\obj\tm_stm32f4_delay.o (malloc)
e:/coide/gccc/5.4 2016q3/bin/../lib/gcc/arm-none-eabi/5.4.1/../../../../arm-none-eabi/lib/armv7e-m\libg.a(lib_a-mallocr.o)
                              e:/coide/gccc/5.4 2016q3/bin/../lib/gcc/arm-none-eabi/5.4.1/../../../../arm-none-eabi/lib/armv7e-m\libg.a(lib_a-malloc.o) (_malloc_r)
e:/coide/gccc/5.4 2016q3/bin/../lib/gcc/arm-none-eabi/5.4.1/../../../../arm-none-eabi/lib/armv7e-m\libg.a(lib_a-mlock.o)
                              e:/coide/gccc/5.4 2016q3/bin/../lib/gcc/arm-none-eabi/5.4.1/../../../../arm-none-eabi/lib/armv7e-m\libg.a(lib_a-mallocr.o) (__malloc_lock)
e:/coide/gccc/5.4 2016q3/bin/../lib/gcc/arm-none-eabi/5.4.1/../../../../arm-none-eabi/lib/armv7e-m\libg.a(lib_a-sbrkr.o)
                              e:/coide/gccc/5.4 2016q3/bin/../lib/gcc/arm-none-eabi/5.4.1/../../../../arm-none-eabi/lib/armv7e-m\libg.a(lib_a-mallocr.o) (_sbrk_r)
e:/coide/gccc/5.4 2016q3/bin/../lib/gcc/arm-none-eabi/5.4.1/../../../../arm-none-eabi/lib/armv7e-m\libg.a(lib_a-sprintf.o)
                              ..\obj\main.o (sprintf)
e:/coide/gccc/5.4 2016q3/bin/../lib/gcc/arm-none-eabi/5.4.1/../../../../arm-none-eabi/lib/armv7e-m\libg.a(lib_a-svfprintf.o)
                              e:/coide/gccc/5.4 2016q3/bin/../lib/gcc/arm-none-eabi/5.4.1/../../../../arm-none-eabi/lib/armv7e-m\libg.a(lib_a-sprintf.o) (_svfprintf_r)
e:/coide/gccc/5.4 2016q3/bin/../lib/gcc/arm-none-eabi/5.4.1/../../../../arm-none-eabi/lib/armv7e-m\libg.a(lib_a-dtoa.o)
                              e:/coide/gccc/5.4 2016q3/bin/../lib/gcc/arm-none-eabi/5.4.1/../../../../arm-none-eabi/lib/armv7e-m\libg.a(lib_a-svfprintf.o) (_dtoa_r)
e:/coide/gccc/5.4 2016q3/bin/../lib/gcc/arm-none-eabi/5.4.1/../../../../arm-none-eabi/lib/armv7e-m\libg.a(lib_a-freer.o)
                              e:/coide/gccc/5.4 2016q3/bin/../lib/gcc/arm-none-eabi/5.4.1/../../../../arm-none-eabi/lib/armv7e-m\libg.a(lib_a-malloc.o) (_free_r)
e:/coide/gccc/5.4 2016q3/bin/../lib/gcc/arm-none-eabi/5.4.1/../../../../arm-none-eabi/lib/armv7e-m\libg.a(lib_a-impure.o)
                              e:/coide/gccc/5.4 2016q3/bin/../lib/gcc/arm-none-eabi/5.4.1/../../../../arm-none-eabi/lib/armv7e-m\libg.a(lib_a-malloc.o) (_impure_ptr)
e:/coide/gccc/5.4 2016q3/bin/../lib/gcc/arm-none-eabi/5.4.1/../../../../arm-none-eabi/lib/armv7e-m\libg.a(lib_a-localeconv.o)
                              e:/coide/gccc/5.4 2016q3/bin/../lib/gcc/arm-none-eabi/5.4.1/../../../../arm-none-eabi/lib/armv7e-m\libg.a(lib_a-svfprintf.o) (_localeconv_r)
e:/coide/gccc/5.4 2016q3/bin/../lib/gcc/arm-none-eabi/5.4.1/../../../../arm-none-eabi/lib/armv7e-m\libg.a(lib_a-memchr.o)
                              e:/coide/gccc/5.4 2016q3/bin/../lib/gcc/arm-none-eabi/5.4.1/../../../../arm-none-eabi/lib/armv7e-m\libg.a(lib_a-svfprintf.o) (memchr)
e:/coide/gccc/5.4 2016q3/bin/../lib/gcc/arm-none-eabi/5.4.1/../../../../arm-none-eabi/lib/armv7e-m\libg.a(lib_a-memcpy.o)
                              e:/coide/gccc/5.4 2016q3/bin/../lib/gcc/arm-none-eabi/5.4.1/../../../../arm-none-eabi/lib/armv7e-m\libg.a(lib_a-dtoa.o) (memcpy)
e:/coide/gccc/5.4 2016q3/bin/../lib/gcc/arm-none-eabi/5.4.1/../../../../arm-none-eabi/lib/armv7e-m\libg.a(lib_a-mprec.o)
                              e:/coide/gccc/5.4 2016q3/bin/../lib/gcc/arm-none-eabi/5.4.1/../../../../arm-none-eabi/lib/armv7e-m\libg.a(lib_a-dtoa.o) (_Balloc)
e:/coide/gccc/5.4 2016q3/bin/../lib/gcc/arm-none-eabi/5.4.1/../../../../arm-none-eabi/lib/armv7e-m\libg.a(lib_a-reent.o)
[...]
Memory Configuration

Name             Origin             Length             Attributes
rom              0x08000000         0x00100000         xr
ram              0x20000000         0x00020000         xrw
ram1             0x10000000         0x00010000         xrw
*default*        0x00000000         0xffffffff

Linker script and memory map

                0x20020000                _eram = 0x20020000

.text           0x08000000     0xa8b9
 *(.isr_vector)
 .isr_vector    0x08000000      0x188 ..\obj\startup_stm32f4xx.o
                0x08000000                g_pfnVectors
 *(.text*)
 .text.USB_OTG_EnableCommonInt
                0x08000188       0x44 ..\obj\usb_core.o
 .text.USB_OTG_CoreReset
                0x080001cc       0x90 ..\obj\usb_core.o
 .text.USB_OTG_WritePacket
                0x0800025c       0x74 ..\obj\usb_core.o
                0x0800025c                USB_OTG_WritePacket
 .text.USB_OTG_ReadPacket
                0x080002d0       0x58 ..\obj\usb_core.o
                0x080002d0                USB_OTG_ReadPacket
 .text.USB_OTG_SelectCore
                0x08000328      0x174 ..\obj\usb_core.o
                0x08000328                USB_OTG_SelectCore
 .text.USB_OTG_CoreInit
                0x0800049c      0x13c ..\obj\usb_core.o
                0x0800049c                USB_OTG_CoreInit
 .text.USB_OTG_EnableGlobalInt
                0x080005d8       0x34 ..\obj\usb_core.o
                0x080005d8                USB_OTG_EnableGlobalInt
 .text.USB_OTG_DisableGlobalInt
                0x0800060c       0x38 ..\obj\usb_core.o
                0x0800060c                USB_OTG_DisableGlobalInt
 .text.USB_OTG_FlushTxFifo
                0x08000644       0x74 ..\obj\usb_core.o
                0x08000644                USB_OTG_FlushTxFifo
 .text.USB_OTG_FlushRxFifo
                0x080006b8       0x60 ..\obj\usb_core.o
                0x080006b8                USB_OTG_FlushRxFifo
 .text.USB_OTG_SetCurrentMode
                0x08000718       0x60 ..\obj\usb_core.o
                0x08000718                USB_OTG_SetCurrentMode
 .text.USB_OTG_GetMode
                0x08000778       0x1c ..\obj\usb_core.o
                0x08000778                USB_OTG_GetMode
 .text.USB_OTG_IsDeviceMode
                0x08000794       0x24 ..\obj\usb_core.o
                0x08000794                USB_OTG_IsDeviceMode
 .text.USB_OTG_ReadCoreItr
                0x080007b8       0x2c ..\obj\usb_core.o
                0x080007b8                USB_OTG_ReadCoreItr
 .text.USB_OTG_InitDevSpeed
                0x080007e4       0x38 ..\obj\usb_core.o
                0x080007e4                USB_OTG_InitDevSpeed
 .text.USB_OTG_CoreInitDev
                0x0800081c      0x264 ..\obj\usb_core.o
                0x0800081c                USB_OTG_CoreInitDev
 .text.USB_OTG_EnableDevInt
                0x08000a80       0x98 ..\obj\usb_core.o
                0x08000a80                USB_OTG_EnableDevInt
 .text.USB_OTG_GetDeviceSpeed
                0x08000b18       0x48 ..\obj\usb_core.o
                0x08000b18                USB_OTG_GetDeviceSpeed
 .text.USB_OTG_EP0Activate
                0x08000b60       0x74 ..\obj\usb_core.o
                0x08000b60                USB_OTG_EP0Activate
 .text.USB_OTG_EPActivate
                0x08000bd4       0xdc ..\obj\usb_core.o
                0x08000bd4                USB_OTG_EPActivate
 .text.USB_OTG_EPDeactivate
                0x08000cb0       0x88 ..\obj\usb_core.o
                0x08000cb0                USB_OTG_EPDeactivate
 .text.USB_OTG_EPStartXfer
                0x08000d38      0x280 ..\obj\usb_core.o
                0x08000d38                USB_OTG_EPStartXfer
 .text.USB_OTG_EP0StartXfer
                0x08000fb8      0x1d4 ..\obj\usb_core.o
                0x08000fb8                USB_OTG_EP0StartXfer
 .text.USB_OTG_EPSetStall
                0x0800118c       0x84 ..\obj\usb_core.o
                0x0800118c                USB_OTG_EPSetStall
 .text.USB_OTG_EPClearStall
                0x08001210       0x74 ..\obj\usb_core.o
                0x08001210                USB_OTG_EPClearStall
 .text.USB_OTG_ReadDevAllOutEp_itr
                0x08001284       0x2c ..\obj\usb_core.o
                0x08001284                USB_OTG_ReadDevAllOutEp_itr
 .text.USB_OTG_ReadDevOutEP_itr
                0x080012b0       0x34 ..\obj\usb_core.o
                0x080012b0                USB_OTG_ReadDevOutEP_itr
 .text.USB_OTG_ReadDevAllInEPItr
                0x080012e4       0x2c ..\obj\usb_core.o
                0x080012e4                USB_OTG_ReadDevAllInEPItr
 .text.USB_OTG_EP0_OutStart
                0x08001310       0x70 ..\obj\usb_core.o
                0x08001310                USB_OTG_EP0_OutStart
 .text.TimeTickDec
                0x08001380       0x24 ..\obj\delay.o
                0x08001380                TimeTickDec
 .text.delay_us
                0x080013a4       0x28 ..\obj\delay.o
                0x080013a4                delay_us
 .text.delay_ms
                0x080013cc       0x24 ..\obj\delay.o
                0x080013cc                delay_ms
 .text.Delay    0x080013f0       0x3c ..\obj\tm_stm32f4_hd44780.o
 .text.TM_HD44780_Init
                0x0800142c       0xd0 ..\obj\tm_stm32f4_hd44780.o
                0x0800142c                TM_HD44780_Init
 .text.TM_HD44780_Clear
                0x080014fc       0x18 ..\obj\tm_stm32f4_hd44780.o
                0x080014fc                TM_HD44780_Clear
 .text.lcd_write
                0x08001514       0xa4 ..\obj\tm_stm32f4_hd44780.o
                0x08001514                lcd_write
 .text.TM_HD44780_DisplayOn
                0x080015b8       0x2c ..\obj\tm_stm32f4_hd44780.o
                0x080015b8                TM_HD44780_DisplayOn
 .text.TM_HD44780_CursorSet
                0x080015e4       0x68 ..\obj\tm_stm32f4_hd44780.o
                0x080015e4                TM_HD44780_CursorSet
 .text.TM_HD44780_Cmd
                0x0800164c       0x38 ..\obj\tm_stm32f4_hd44780.o
 .text.TM_HD44780_Data
                0x08001684       0x38 ..\obj\tm_stm32f4_hd44780.o
 .text.TM_HD44780_Cmd4bit
                0x080016bc       0xa4 ..\obj\tm_stm32f4_hd44780.o
 .text.TM_HD44780_InitPins
                0x08001760       0xc4 ..\obj\tm_stm32f4_hd44780.o
 .text.USBD_USR_Init
                0x08001824       0x18 ..\obj\usbd_usr.o
                0x08001824                USBD_USR_Init
 .text.USBD_USR_DeviceReset
                0x0800183c       0x20 ..\obj\usbd_usr.o
                0x0800183c                USBD_USR_DeviceReset
 .text.USBD_USR_DeviceConfigured
                0x0800185c       0x18 ..\obj\usbd_usr.o
                0x0800185c                USBD_USR_DeviceConfigured
 .text.USBD_USR_DeviceSuspended
                0x08001874       0x18 ..\obj\usbd_usr.o
                0x08001874                USBD_USR_DeviceSuspended
 .text.USBD_USR_DeviceResumed
                0x0800188c       0x18 ..\obj\usbd_usr.o
                0x0800188c                USBD_USR_DeviceResumed
 .text.USBD_USR_DeviceConnected
                0x080018a4       0x18 ..\obj\usbd_usr.o
                0x080018a4                USBD_USR_DeviceConnected
 .text.USBD_USR_DeviceDisconnected
                0x080018bc       0x18 ..\obj\usbd_usr.o
                0x080018bc                USBD_USR_DeviceDisconnected
 .text.Default_Reset_Handler
                0x080018d4       0x5c ..\obj\startup_stm32f4xx.o
                0x080018d4                Default_Reset_Handler
                0x080018d4                Reset_Handler
 .text.Default_Handler
                0x08001930        0x8 ..\obj\startup_stm32f4xx.o
                0x08001930                RTC_Alarm_IRQHandler
                0x08001930                HASH_RNG_IRQHandler
                0x08001930                EXTI2_IRQHandler
                0x08001930                TIM8_CC_IRQHandler
                0x08001930                DebugMon_Handler
                0x08001930                TIM1_CC_IRQHandler
                0x08001930                DMA2_Stream5_IRQHandler
                0x08001930                HardFault_Handler
                0x08001930                DMA1_Stream5_IRQHandler
                0x08001930                PVD_IRQHandler
                0x08001930                SDIO_IRQHandler
                0x08001930                TAMP_STAMP_IRQHandler
                0x08001930                PendSV_Handler
                0x08001930                NMI_Handler
                0x08001930                CAN2_RX1_IRQHandler
                0x08001930                EXTI3_IRQHandler
                0x08001930                TIM8_TRG_COM_TIM14_IRQHandler
                0x08001930                TIM1_UP_TIM10_IRQHandler
                0x08001930                TIM8_UP_TIM13_IRQHandler
                0x08001930                I2C3_ER_IRQHandler
                0x08001930                EXTI0_IRQHandler
                0x08001930                I2C2_EV_IRQHandler
                0x08001930                DMA1_Stream2_IRQHandler
                0x08001930                CAN1_RX0_IRQHandler
                0x08001930                FPU_IRQHandler
                0x08001930                OTG_HS_WKUP_IRQHandler
                0x08001930                UsageFault_Handler
                0x08001930                CAN2_SCE_IRQHandler
                0x08001930                DMA2_Stream2_IRQHandler
                0x08001930                SPI1_IRQHandler
                0x08001930                TIM6_DAC_IRQHandler
                0x08001930                TIM1_BRK_TIM9_IRQHandler
                0x08001930                DCMI_IRQHandler
                0x08001930                CAN2_RX0_IRQHandler
                0x08001930                DMA2_Stream3_IRQHandler
                0x08001930                USART6_IRQHandler
                0x08001930                USART3_IRQHandler
                0x08001930                CRYP_IRQHandler
                0x08001930                CAN1_RX1_IRQHandler
                0x08001930                UART5_IRQHandler
                0x08001930                DMA2_Stream0_IRQHandler
                0x08001930                TIM4_IRQHandler
                0x08001930                I2C1_EV_IRQHandler
                0x08001930                DMA1_Stream6_IRQHandler
                0x08001930                DMA1_Stream1_IRQHandler
                0x08001930                UART4_IRQHandler
                0x08001930                TIM3_IRQHandler
                0x08001930                RCC_IRQHandler
                0x08001930                TIM8_BRK_TIM12_IRQHandler
                0x08001930                EXTI15_10_IRQHandler
                0x08001930                ADC_IRQHandler
                0x08001930                DMA1_Stream7_IRQHandler
                0x08001930                TIM7_IRQHandler
                0x08001930                CAN2_TX_IRQHandler
                0x08001930                TIM5_IRQHandler
                0x08001930                DMA2_Stream7_IRQHandler
                0x08001930                I2C3_EV_IRQHandler
                0x08001930                EXTI9_5_IRQHandler
                0x08001930                RTC_WKUP_IRQHandler
                0x08001930                ETH_WKUP_IRQHandler
                0x08001930                SPI2_IRQHandler
                0x08001930                OTG_HS_EP1_IN_IRQHandler
                0x08001930                MemManage_Handler
                0x08001930                DMA1_Stream0_IRQHandler
                0x08001930                CAN1_TX_IRQHandler
                0x08001930                SVC_Handler
                0x08001930                EXTI4_IRQHandler
                0x08001930                FSMC_IRQHandler
                0x08001930                ETH_IRQHandler
                0x08001930                OTG_HS_EP1_OUT_IRQHandler
                0x08001930                WWDG_IRQHandler
                0x08001930                TIM1_TRG_COM_TIM11_IRQHandler
                0x08001930                OTG_HS_IRQHandler
                0x08001930                EXTI1_IRQHandler
                0x08001930                USART2_IRQHandler
                0x08001930                I2C2_ER_IRQHandler
                0x08001930                DMA2_Stream1_IRQHandler
                0x08001930                CAN1_SCE_IRQHandler
                0x08001930                FLASH_IRQHandler
                0x08001930                DMA2_Stream4_IRQHandler
                0x08001930                BusFault_Handler
                0x08001930                USART1_IRQHandler
                0x08001930                SPI3_IRQHandler
                0x08001930                DMA1_Stream4_IRQHandler
                0x08001930                I2C1_ER_IRQHandler
                0x08001930                DMA2_Stream6_IRQHandler
                0x08001930                DMA1_Stream3_IRQHandler
 .text.USBD_Init
                0x08001938       0x58 ..\obj\usbd_core.o
                0x08001938                USBD_Init
 .text.USBD_DeInit
                0x08001990       0x14 ..\obj\usbd_core.o
                0x08001990                USBD_DeInit
 .text.USBD_SetupStage
                0x080019a4       0x6c ..\obj\usbd_core.o
 .text.USBD_DataOutStage
                0x08001a10       0xcc ..\obj\usbd_core.o
 .text.USBD_DataInStage
                0x08001adc      0x11c ..\obj\usbd_core.o
 .text.USBD_RunTestMode
                0x08001bf8       0x24 ..\obj\usbd_core.o
 .text.USBD_Reset
                0x08001c1c       0x44 ..\obj\usbd_core.o
 .text.USBD_Resume
                0x08001c60       0x30 ..\obj\usbd_core.o
 .text.USBD_Suspend
                0x08001c90       0x30 ..\obj\usbd_core.o
 .text.USBD_SOF
                0x08001cc0       0x2c ..\obj\usbd_core.o
 .text.USBD_SetCfg
                0x08001cec       0x30 ..\obj\usbd_core.o
                0x08001cec                USBD_SetCfg
 .text.USBD_ClrCfg
                0x08001d1c       0x28 ..\obj\usbd_core.o
                0x08001d1c                USBD_ClrCfg
 .text.USBD_IsoINIncomplete
                0x08001d44       0x20 ..\obj\usbd_core.o
 .text.USBD_IsoOUTIncomplete
                0x08001d64       0x20 ..\obj\usbd_core.o
 .text.NVIC_SetPriority
                0x08001d84       0x54 ..\obj\main.o
 .text.SysTick_Config
                0x08001dd8       0x44 ..\obj\main.o
 .text.SysTick_Handler
                0x08001e1c        0xc ..\obj\main.o
                0x08001e1c                SysTick_Handler
 .text.adc1_init
                0x08001e28       0xa8 ..\obj\main.o
                0x08001e28                adc1_init
 .text.read_adc1
                0x08001ed0       0x50 ..\obj\main.o
                0x08001ed0                read_adc1
 .text.lcd_init
                0x08001f20       0x5c ..\obj\main.o
                0x08001f20                lcd_init
 .text.main     0x08001f7c      0x130 ..\obj\main.o
                0x08001f7c                main
 .text.RCC_HSEConfig
                0x080020ac       0x24 ..\obj\stm32f4xx_rcc.o
                0x080020ac                RCC_HSEConfig
 .text.RCC_WaitForHSEStartUp
                0x080020d0       0x50 ..\obj\stm32f4xx_rcc.o
                0x080020d0                RCC_WaitForHSEStartUp
 .text.RCC_GetClocksFreq
                0x08002120      0x154 ..\obj\stm32f4xx_rcc.o
                0x08002120                RCC_GetClocksFreq
 .text.RCC_AHB1PeriphClockCmd
                0x08002274       0x3c ..\obj\stm32f4xx_rcc.o
                0x08002274                RCC_AHB1PeriphClockCmd
 .text.RCC_AHB2PeriphClockCmd
                0x080022b0       0x3c ..\obj\stm32f4xx_rcc.o
                0x080022b0                RCC_AHB2PeriphClockCmd
 .text.RCC_APB1PeriphClockCmd
                0x080022ec       0x3c ..\obj\stm32f4xx_rcc.o
                0x080022ec                RCC_APB1PeriphClockCmd
 .text.RCC_APB2PeriphClockCmd
                0x08002328       0x3c ..\obj\stm32f4xx_rcc.o
                0x08002328                RCC_APB2PeriphClockCmd
 .text.RCC_GetFlagStatus
                0x08002364       0x74 ..\obj\stm32f4xx_rcc.o
                0x08002364                RCC_GetFlagStatus
 .text.ADC_Init
                0x080023d8       0xa8 ..\obj\stm32f4xx_adc.o
                0x080023d8                ADC_Init
 .text.ADC_StructInit
                0x08002480       0x3c ..\obj\stm32f4xx_adc.o
                0x08002480                ADC_StructInit
 .text.ADC_CommonInit
                0x080024bc       0x50 ..\obj\stm32f4xx_adc.o
                0x080024bc                ADC_CommonInit
 .text.ADC_Cmd  0x0800250c       0x38 ..\obj\stm32f4xx_adc.o
                0x0800250c                ADC_Cmd
 .text.ADC_RegularChannelConfig
                0x08002544      0x194 ..\obj\stm32f4xx_adc.o
                0x08002544                ADC_RegularChannelConfig
 .text.ADC_SoftwareStartConv
                0x080026d8       0x20 ..\obj\stm32f4xx_adc.o
                0x080026d8                ADC_SoftwareStartConv
 .text.ADC_EOCOnEachRegularChannelCmd
                0x080026f8       0x38 ..\obj\stm32f4xx_adc.o
                0x080026f8                ADC_EOCOnEachRegularChannelCmd
 .text.ADC_GetConversionValue
                0x08002730       0x18 ..\obj\stm32f4xx_adc.o
                0x08002730                ADC_GetConversionValue
 .text.ADC_GetFlagStatus
                0x08002748       0x34 ..\obj\stm32f4xx_adc.o
                0x08002748                ADC_GetFlagStatus
 .text.TIM2_IRQHandler
                0x0800277c       0xfc ..\obj\tm_stm32f4_delay.o
                0x0800277c                TIM2_IRQHandler
 .text.TM_DELAY_Init
                0x08002878       0x18 ..\obj\tm_stm32f4_delay.o
                0x08002878                TM_DELAY_Init
 .text.TM_DELAY_INT_InitTIM
                0x08002890       0xc8 ..\obj\tm_stm32f4_delay.o
                0x08002890                TM_DELAY_INT_InitTIM
 .text.USBD_USR_DeviceDescriptor
                0x08002958       0x24 ..\obj\usbd_desc.o
                0x08002958                USBD_USR_DeviceDescriptor
 .text.USBD_USR_LangIDStrDescriptor
                0x0800297c       0x24 ..\obj\usbd_desc.o
                0x0800297c                USBD_USR_LangIDStrDescriptor
 .text.USBD_USR_ProductStrDescriptor
                0x080029a0       0x28 ..\obj\usbd_desc.o
                0x080029a0                USBD_USR_ProductStrDescriptor
 .text.USBD_USR_ManufacturerStrDescriptor
                0x080029c8       0x28 ..\obj\usbd_desc.o
                0x080029c8                USBD_USR_ManufacturerStrDescriptor
 .text.USBD_USR_SerialStrDescriptor
                0x080029f0       0x28 ..\obj\usbd_desc.o
                0x080029f0                USBD_USR_SerialStrDescriptor
 .text.USBD_USR_ConfigStrDescriptor
                0x08002a18       0x28 ..\obj\usbd_desc.o
                0x08002a18                USBD_USR_ConfigStrDescriptor
 .text.USBD_USR_InterfaceStrDescriptor
                0x08002a40       0x28 ..\obj\usbd_desc.o
                0x08002a40                USBD_USR_InterfaceStrDescriptor
 .text.TM_USB_VCP_Init
                0x08002a68       0x58 ..\obj\tm_stm32f4_usb_vcp.o
                0x08002a68                TM_USB_VCP_Init
 .text.TM_USB_VCP_Send
                0x08002ac0       0x1c ..\obj\tm_stm32f4_usb_vcp.o
                0x08002ac0                TM_USB_VCP_Send
 .text.TM_INT_USB_VCP_AddReceived
                0x08002adc       0x5c ..\obj\tm_stm32f4_usb_vcp.o
                0x08002adc                TM_INT_USB_VCP_AddReceived
 .text.GPIO_Init
                0x08002b38      0x11c ..\obj\stm32f4xx_gpio.o
                0x08002b38                GPIO_Init
 .text.GPIO_ResetBits
                0x08002c54       0x1c ..\obj\stm32f4xx_gpio.o
                0x08002c54                GPIO_ResetBits
 .text.GPIO_PinAFConfig
                0x08002c70       0x90 ..\obj\stm32f4xx_gpio.o
                0x08002c70                GPIO_PinAFConfig
 .text.VCP_Init
                0x08002d00       0x10 ..\obj\usbd_cdc_vcp.o
 .text.VCP_DeInit
                0x08002d10       0x10 ..\obj\usbd_cdc_vcp.o
 .text.VCP_Ctrl
                0x08002d20      0x15c ..\obj\usbd_cdc_vcp.o
 .text.VCP_DataTx
                0x08002e7c       0x5c ..\obj\usbd_cdc_vcp.o
                0x08002e7c                VCP_DataTx
 .text.VCP_DataRx
                0x08002ed8       0x38 ..\obj\usbd_cdc_vcp.o
                0x08002ed8                VCP_DataRx
 .text.SystemInit
                0x08002f10       0x5c ..\obj\system_stm32f4xx.o
                0x08002f10                SystemInit
 .text.SetSysClock
                0x08002f6c       0xf4 ..\obj\system_stm32f4xx.o
 .text._sbrk    0x08003060       0x3c ..\obj\syscalls.o
                0x08003060                _sbrk
 .text.USB_OTG_BSP_Init
                0x0800309c       0xb0 ..\obj\usb_bsp.o
                0x0800309c                USB_OTG_BSP_Init
 .text.USB_OTG_BSP_EnableInterrupt
                0x0800314c       0x34 ..\obj\usb_bsp.o
                0x0800314c                USB_OTG_BSP_EnableInterrupt
 .text.USB_OTG_BSP_uDelay
                0x08003180       0x48 ..\obj\usb_bsp.o
                0x08003180                USB_OTG_BSP_uDelay
 .text.USB_OTG_BSP_mDelay
                0x080031c8       0x20 ..\obj\usb_bsp.o
                0x080031c8                USB_OTG_BSP_mDelay
 .text.OTG_FS_WKUP_IRQHandler
                0x080031e8       0x10 ..\obj\usb_bsp.o
                0x080031e8                OTG_FS_WKUP_IRQHandler
 .text.OTG_FS_IRQHandler
                0x080031f8       0x14 ..\obj\usb_bsp.o
                0x080031f8                OTG_FS_IRQHandler
 .text.USBD_StdDevReq
                0x0800320c       0xa0 ..\obj\usbd_req.o
                0x0800320c                USBD_StdDevReq
 .text.USBD_StdItfReq
                0x080032ac       0x68 ..\obj\usbd_req.o
                0x080032ac                USBD_StdItfReq
 .text.USBD_StdEPReq
                0x08003314      0x1b0 ..\obj\usbd_req.o
                0x08003314                USBD_StdEPReq
 .text.USBD_GetDescriptor
                0x080034c4      0x1a8 ..\obj\usbd_req.o
 .text.USBD_SetAddress
                0x0800366c       0x7c ..\obj\usbd_req.o
 .text.USBD_SetConfig
                0x080036e8       0xf4 ..\obj\usbd_req.o
 .text.USBD_GetConfig
                0x080037dc       0x60 ..\obj\usbd_req.o
 .text.USBD_GetStatus
                0x0800383c       0x54 ..\obj\usbd_req.o
 .text.USBD_SetFeature
                0x08003890       0xd8 ..\obj\usbd_req.o
 .text.USBD_ClrFeature
                0x08003968       0x50 ..\obj\usbd_req.o
 .text.USBD_ParseSetupRequest
                0x080039b8       0x90 ..\obj\usbd_req.o
                0x080039b8                USBD_ParseSetupRequest
 .text.USBD_CtlError
                0x08003a48       0x28 ..\obj\usbd_req.o
                0x08003a48                USBD_CtlError
 .text.USBD_GetString
                0x08003a70       0x88 ..\obj\usbd_req.o
                0x08003a70                USBD_GetString
 .text.USBD_GetLen
                0x08003af8       0x30 ..\obj\usbd_req.o
 .text.USBD_OTG_ISR_Handler
                0x08003b28      0x15c ..\obj\usb_dcd_int.o
                0x08003b28                USBD_OTG_ISR_Handler
 .text.DCD_HandleResume_ISR
                0x08003c84       0x80 ..\obj\usb_dcd_int.o
 .text.DCD_HandleUSBSuspend_ISR
                0x08003d04       0xbc ..\obj\usb_dcd_int.o
 .text.DCD_HandleInEP_ISR
                0x08003dc0      0x19c ..\obj\usb_dcd_int.o
 .text.DCD_HandleOutEP_ISR
                0x08003f5c      0x150 ..\obj\usb_dcd_int.o
 .text.DCD_HandleSof_ISR
                0x080040ac       0x34 ..\obj\usb_dcd_int.o
 .text.DCD_HandleRxStatusQueueLevel_ISR
                0x080040e0      0x104 ..\obj\usb_dcd_int.o
 .text.DCD_WriteEmptyTxFifo
                0x080041e4       0xe4 ..\obj\usb_dcd_int.o
 .text.DCD_HandleUsbReset_ISR
                0x080042c8      0x120 ..\obj\usb_dcd_int.o
 .text.DCD_HandleEnumDone_ISR
                0x080043e8       0x78 ..\obj\usb_dcd_int.o
 .text.DCD_IsoINIncomplete_ISR
                0x08004460       0x34 ..\obj\usb_dcd_int.o
 .text.DCD_IsoOUTIncomplete_ISR
                0x08004494       0x34 ..\obj\usb_dcd_int.o
 .text.DCD_ReadDevInEP
                0x080044c8       0x50 ..\obj\usb_dcd_int.o
 .text.usbd_cdc_Init
                0x08004518       0x6c ..\obj\usbd_cdc_core.o
 .text.usbd_cdc_DeInit
                0x08004584       0x38 ..\obj\usbd_cdc_core.o
 .text.usbd_cdc_Setup
                0x080045bc      0x128 ..\obj\usbd_cdc_core.o
 .text.usbd_cdc_EP0_RxReady
                0x080046e4       0x40 ..\obj\usbd_cdc_core.o
 .text.usbd_cdc_DataIn
                0x08004724       0x98 ..\obj\usbd_cdc_core.o
 .text.usbd_cdc_DataOut
                0x080047bc       0x4c ..\obj\usbd_cdc_core.o
 .text.usbd_cdc_SOF
                0x08004808       0x30 ..\obj\usbd_cdc_core.o
 .text.Handle_USBAsynchXfer
                0x08004838       0xd4 ..\obj\usbd_cdc_core.o
 .text.USBD_cdc_GetCfgDesc
                0x0800490c       0x24 ..\obj\usbd_cdc_core.o
 .text.EXTI_ClearITPendingBit
                0x08004930       0x1c ..\obj\stm32f4xx_exti.o
                0x08004930                EXTI_ClearITPendingBit
 .text.NVIC_PriorityGroupConfig
                0x0800494c       0x24 ..\obj\misc.o
                0x0800494c                NVIC_PriorityGroupConfig
 .text.NVIC_Init
                0x08004970       0xc0 ..\obj\misc.o
                0x08004970                NVIC_Init
 .text.DCD_Init
                0x08004a30      0x108 ..\obj\usb_dcd.o
                0x08004a30                DCD_Init
 .text.DCD_EP_Open
                0x08004b38       0xb0 ..\obj\usb_dcd.o
                0x08004b38                DCD_EP_Open
 .text.DCD_EP_Close
                0x08004be8       0x78 ..\obj\usb_dcd.o
                0x08004be8                DCD_EP_Close
 .text.DCD_EP_PrepareRx
                0x08004c60       0x84 ..\obj\usb_dcd.o
                0x08004c60                DCD_EP_PrepareRx
 .text.DCD_EP_Tx
                0x08004ce4       0x78 ..\obj\usb_dcd.o
                0x08004ce4                DCD_EP_Tx
 .text.DCD_EP_Stall
                0x08004d5c       0x7c ..\obj\usb_dcd.o
                0x08004d5c                DCD_EP_Stall
 .text.DCD_EP_ClrStall
                0x08004dd8       0x7c ..\obj\usb_dcd.o
                0x08004dd8                DCD_EP_ClrStall
 .text.DCD_EP_SetAddress
                0x08004e54       0x3c ..\obj\usb_dcd.o
                0x08004e54                DCD_EP_SetAddress
 .text.TM_GPIO_Init
                0x08004e90       0x48 ..\obj\tm_stm32f4_gpio.o
                0x08004e90                TM_GPIO_Init
 .text.TM_GPIO_GetPortSource
                0x08004ed8       0x20 ..\obj\tm_stm32f4_gpio.o
                0x08004ed8                TM_GPIO_GetPortSource
 .text.TM_GPIO_INT_EnableClock
                0x08004ef8       0x30 ..\obj\tm_stm32f4_gpio.o
                0x08004ef8                TM_GPIO_INT_EnableClock
 .text.TM_GPIO_INT_Init
                0x08004f28      0x10c ..\obj\tm_stm32f4_gpio.o
                0x08004f28                TM_GPIO_INT_Init
 .text.TM_TIMER_PROPERTIES_GetTimerProperties
                0x08005034      0x100 ..\obj\tm_stm32f4_timer_properties.o
                0x08005034                TM_TIMER_PROPERTIES_GetTimerProperties
 .text.TM_TIMER_PROPERTIES_GenerateDataForWorkingFrequency
                0x08005134      0x118 ..\obj\tm_stm32f4_timer_properties.o
                0x08005134                TM_TIMER_PROPERTIES_GenerateDataForWorkingFrequency
 .text.TM_TIMER_PROPERTIES_EnableClock
                0x0800524c      0x148 ..\obj\tm_stm32f4_timer_properties.o
                0x0800524c                TM_TIMER_PROPERTIES_EnableClock
 .text.USBD_CtlSendData
                0x08005394       0x40 ..\obj\usbd_ioreq.o
                0x08005394                USBD_CtlSendData
 .text.USBD_CtlContinueSendData
                0x080053d4       0x28 ..\obj\usbd_ioreq.o
                0x080053d4                USBD_CtlContinueSendData
 .text.USBD_CtlPrepareRx
                0x080053fc       0x40 ..\obj\usbd_ioreq.o
                0x080053fc                USBD_CtlPrepareRx
 .text.USBD_CtlContinueRx
                0x0800543c       0x28 ..\obj\usbd_ioreq.o
                0x0800543c                USBD_CtlContinueRx
 .text.USBD_CtlSendStatus
                0x08005464       0x30 ..\obj\usbd_ioreq.o
                0x08005464                USBD_CtlSendStatus
 .text.USBD_CtlReceiveStatus
                0x08005494       0x30 ..\obj\usbd_ioreq.o
                0x08005494                USBD_CtlReceiveStatus
 .text.TIM_TimeBaseInit
                0x080054c4       0xd4 ..\obj\stm32f4xx_tim.o
                0x080054c4                TIM_TimeBaseInit
 .text          0x08005598      0x370 e:/coide/gccc/5.4 2016q3/bin/../lib/gcc/arm-none-eabi/5.4.1/armv7e-m\libgcc.a(_arm_addsubdf3.o)
                0x08005598                __aeabi_drsub
                0x080055a0                __aeabi_dsub
                0x080055a0                __subdf3
                0x080055a4                __aeabi_dadd
                0x080055a4                __adddf3
                0x0800581c                __floatunsidf
                0x0800581c                __aeabi_ui2d
                0x0800583c                __floatsidf
                0x0800583c                __aeabi_i2d
                0x08005860                __aeabi_f2d
                0x08005860                __extendsfdf2
                0x0800589c                __floatundidf
                0x0800589c                __aeabi_ul2d
                0x080058ac                __floatdidf
                0x080058ac                __aeabi_l2d
 .text          0x08005908      0x424 e:/coide/gccc/5.4 2016q3/bin/../lib/gcc/arm-none-eabi/5.4.1/armv7e-m\libgcc.a(_arm_muldivdf3.o)
                0x08005908                __aeabi_dmul
                0x08005908                __muldf3
                0x08005b5c                __divdf3
                0x08005b5c                __aeabi_ddiv
 .text          0x08005d2c      0x110 e:/coide/gccc/5.4 2016q3/bin/../lib/gcc/arm-none-eabi/5.4.1/armv7e-m\libgcc.a(_arm_cmpdf2.o)
                0x08005d2c                __gtdf2
                0x08005d2c                __gedf2
                0x08005d34                __ltdf2
                0x08005d34                __ledf2
                0x08005d3c                __nedf2
                0x08005d3c                __eqdf2
                0x08005d3c                __cmpdf2
                0x08005db8                __aeabi_cdrcmple
                0x08005dc8                __aeabi_cdcmpeq
                0x08005dc8                __aeabi_cdcmple
                0x08005dd8                __aeabi_dcmpeq
                0x08005dec                __aeabi_dcmplt
                0x08005e00                __aeabi_dcmple
                0x08005e14                __aeabi_dcmpge
                0x08005e28                __aeabi_dcmpgt
 .text          0x08005e3c       0x40 e:/coide/gccc/5.4 2016q3/bin/../lib/gcc/arm-none-eabi/5.4.1/armv7e-m\libgcc.a(_arm_fixunsdfsi.o)
                0x08005e3c                __aeabi_d2uiz
                0x08005e3c                __fixunsdfsi
 .text          0x08005e7c      0x21c e:/coide/gccc/5.4 2016q3/bin/../lib/gcc/arm-none-eabi/5.4.1/armv7e-m\libgcc.a(_arm_addsubsf3.o)
                0x08005e7c                __aeabi_frsub
                0x08005e84                __subsf3
                0x08005e84                __aeabi_fsub
                0x08005e88                __aeabi_fadd
                0x08005e88                __addsf3
                0x08005fe8                __aeabi_ui2f
                0x08005fe8                __floatunsisf
                0x08005ff0                __aeabi_i2f
                0x08005ff0                __floatsisf
                0x0800600c                __aeabi_ul2f
                0x0800600c                __floatundisf
                0x0800601c                __aeabi_l2f
                0x0800601c                __floatdisf
 .text          0x08006098      0x2a0 e:/coide/gccc/5.4 2016q3/bin/../lib/gcc/arm-none-eabi/5.4.1/armv7e-m\libgcc.a(_arm_muldivsf3.o)
                0x08006098                __mulsf3
                0x08006098                __aeabi_fmul
                0x08006200                __aeabi_fdiv
                0x08006200                __divsf3
 .text          0x08006338       0x4c e:/coide/gccc/5.4 2016q3/bin/../lib/gcc/arm-none-eabi/5.4.1/armv7e-m\libgcc.a(_arm_fixsfsi.o)
                0x08006338                __aeabi_f2iz
                0x08006338                __fixsfsi
 .text._malloc_r
                0x08006384      0x570 e:/coide/gccc/5.4 2016q3/bin/../lib/gcc/arm-none-eabi/5.4.1/../../../../arm-none-eabi/lib/armv7e-m\libg.a(lib_a-mallocr.o)
                0x08006384                _malloc_r
 .text.__malloc_lock
                0x080068f4        0x4 e:/coide/gccc/5.4 2016q3/bin/../lib/gcc/arm-none-eabi/5.4.1/../../../../arm-none-eabi/lib/armv7e-m\libg.a(lib_a-mlock.o)
                0x080068f4                __malloc_lock
 .text.__malloc_unlock
                0x080068f8        0x4 e:/coide/gccc/5.4 2016q3/bin/../lib/gcc/arm-none-eabi/5.4.1/../../../../arm-none-eabi/lib/armv7e-m\libg.a(lib_a-mlock.o)
                0x080068f8                __malloc_unlock
 .text._sbrk_r  0x080068fc       0x24 e:/coide/gccc/5.4 2016q3/bin/../lib/gcc/arm-none-eabi/5.4.1/../../../../arm-none-eabi/lib/armv7e-m\libg.a(lib_a-sbrkr.o)
                0x080068fc                _sbrk_r
 .text.sprintf  0x08006920       0x4c e:/coide/gccc/5.4 2016q3/bin/../lib/gcc/arm-none-eabi/5.4.1/../../../../arm-none-eabi/lib/armv7e-m\libg.a(lib_a-sprintf.o)
                0x08006920                sprintf
 .text._svfprintf_r
                0x0800696c     0x16b0 e:/coide/gccc/5.4 2016q3/bin/../lib/gcc/arm-none-eabi/5.4.1/../../../../arm-none-eabi/lib/armv7e-m\libg.a(lib_a-svfprintf.o)
                0x0800696c                _svfprintf_r
 .text.quorem   0x0800801c      0x128 e:/coide/gccc/5.4 2016q3/bin/../lib/gcc/arm-none-eabi/5.4.1/../../../../arm-none-eabi/lib/armv7e-m\libg.a(lib_a-dtoa.o)
 *fill*         0x08008144        0x4 
 .text._dtoa_r  0x08008148      0xe58 e:/coide/gccc/5.4 2016q3/bin/../lib/gcc/arm-none-eabi/5.4.1/../../../../arm-none-eabi/lib/armv7e-m\libg.a(lib_a-dtoa.o)
                0x08008148                _dtoa_r
 .text._malloc_trim_r
                0x08008fa0       0x9c e:/coide/gccc/5.4 2016q3/bin/../lib/gcc/arm-none-eabi/5.4.1/../../../../arm-none-eabi/lib/armv7e-m\libg.a(lib_a-freer.o)
                0x08008fa0                _malloc_trim_r
 .text._free_r  0x0800903c      0x1d0 e:/coide/gccc/5.4 2016q3/bin/../lib/gcc/arm-none-eabi/5.4.1/../../../../arm-none-eabi/lib/armv7e-m\libg.a(lib_a-freer.o)
                0x0800903c                _free_r
 .text._localeconv_r
                0x0800920c       0x1c e:/coide/gccc/5.4 2016q3/bin/../lib/gcc/arm-none-eabi/5.4.1/../../../../arm-none-eabi/lib/armv7e-m\libg.a(lib_a-localeconv.o)
                0x0800920c                _localeconv_r
 *fill*         0x08009228        0x8 
 .text          0x08009230       0xa0 e:/coide/gccc/5.4 2016q3/bin/../lib/gcc/arm-none-eabi/5.4.1/../../../../arm-none-eabi/lib/armv7e-m\libg.a(lib_a-memchr.o)
                0x08009230                memchr
 .text          0x080092d0      0x134 e:/coide/gccc/5.4 2016q3/bin/../lib/gcc/arm-none-eabi/5.4.1/../../../../arm-none-eabi/lib/armv7e-m\libg.a(lib_a-memcpy.o)
                0x080092d0                memcpy
 .text._Balloc  0x08009404       0x4c e:/coide/gccc/5.4 2016q3/bin/../lib/gcc/arm-none-eabi/5.4.1/../../../../arm-none-eabi/lib/armv7e-m\libg.a(lib_a-mprec.o)
                0x08009404                _Balloc
 .text._Bfree   0x08009450       0x14 e:/coide/gccc/5.4 2016q3/bin/../lib/gcc/arm-none-eabi/5.4.1/../../../../arm-none-eabi/lib/armv7e-m\libg.a(lib_a-mprec.o)
                0x08009450                _Bfree
 .text.__multadd
                0x08009464       0x80 e:/coide/gccc/5.4 2016q3/bin/../lib/gcc/arm-none-eabi/5.4.1/../../../../arm-none-eabi/lib/armv7e-m\libg.a(lib_a-mprec.o)
                0x08009464                __multadd
 .text.__hi0bits
                0x080094e4       0x40 e:/coide/gccc/5.4 2016q3/bin/../lib/gcc/arm-none-eabi/5.4.1/../../../../arm-none-eabi/lib/armv7e-m\libg.a(lib_a-mprec.o)
                0x080094e4                __hi0bits
 .text.__lo0bits
                0x08009524       0x5c e:/coide/gccc/5.4 2016q3/bin/../lib/gcc/arm-none-eabi/5.4.1/../../../../arm-none-eabi/lib/armv7e-m\libg.a(lib_a-mprec.o)
                0x08009524                __lo0bits
 .text.__i2b    0x08009580       0x14 e:/coide/gccc/5.4 2016q3/bin/../lib/gcc/arm-none-eabi/5.4.1/../../../../arm-none-eabi/lib/armv7e-m\libg.a(lib_a-mprec.o)
                0x08009580                __i2b
 .text.__multiply
                0x08009594      0x130 e:/coide/gccc/5.4 2016q3/bin/../lib/gcc/arm-none-eabi/5.4.1/../../../../arm-none-eabi/lib/armv7e-m\libg.a(lib_a-mprec.o)
                0x08009594                __multiply
 .text.__pow5mult
                0x080096c4       0xa0 e:/coide/gccc/5.4 2016q3/bin/../lib/gcc/arm-none-eabi/5.4.1/../../../../arm-none-eabi/lib/armv7e-m\libg.a(lib_a-mprec.o)
                0x080096c4                __pow5mult
 .text.__lshift
                0x08009764       0xb0 e:/coide/gccc/5.4 2016q3/bin/../lib/gcc/arm-none-eabi/5.4.1/../../../../arm-none-eabi/lib/armv7e-m\libg.a(lib_a-mprec.o)
                0x08009764                __lshift
 .text.__mcmp   0x08009814       0x40 e:/coide/gccc/5.4 2016q3/bin/../lib/gcc/arm-none-eabi/5.4.1/../../../../arm-none-eabi/lib/armv7e-m\libg.a(lib_a-mprec.o)
                0x08009814                __mcmp
 .text.__mdiff  0x08009854      0x114 e:/coide/gccc/5.4 2016q3/bin/../lib/gcc/arm-none-eabi/5.4.1/../../../../arm-none-eabi/lib/armv7e-m\libg.a(lib_a-mprec.o)
                0x08009854                __mdiff
 .text.__d2b    0x08009968       0xb8 e:/coide/gccc/5.4 2016q3/bin/../lib/gcc/arm-none-eabi/5.4.1/../../../../arm-none-eabi/lib/armv7e-m\libg.a(lib_a-mprec.o)
                0x08009968                __d2b
 *fill*         0x08009a20       0x20 
 .text          0x08009a40       0xdc e:/coide/gccc/5.4 2016q3/bin/../lib/gcc/arm-none-eabi/5.4.1/../../../../arm-none-eabi/lib/armv7e-m\libg.a(lib_a-strlen.o)
                0x08009a40                strlen
 .text.__ssprint_r
                0x08009b1c      0x100 e:/coide/gccc/5.4 2016q3/bin/../lib/gcc/arm-none-eabi/5.4.1/../../../../arm-none-eabi/lib/armv7e-m\libg.a(lib_a-svfiprintf.o)
                0x08009b1c                __ssprint_r
 .text._calloc_r
                0x08009c1c       0x60 e:/coide/gccc/5.4 2016q3/bin/../lib/gcc/arm-none-eabi/5.4.1/../../../../arm-none-eabi/lib/armv7e-m\libg.a(lib_a-callocr.o)
                0x08009c1c                _calloc_r
 .text.__ascii_mbtowc
                0x08009c7c       0x2c e:/coide/gccc/5.4 2016q3/bin/../lib/gcc/arm-none-eabi/5.4.1/../../../../arm-none-eabi/lib/armv7e-m\libg.a(lib_a-mbtowc_r.o)
                0x08009c7c                __ascii_mbtowc
 .text.memmove  0x08009ca8       0xc8 e:/coide/gccc/5.4 2016q3/bin/../lib/gcc/arm-none-eabi/5.4.1/../../../../arm-none-eabi/lib/armv7e-m\libg.a(lib_a-memmove.o)
                0x08009ca8                memmove
 .text.memset   0x08009d70       0x9c e:/coide/gccc/5.4 2016q3/bin/../lib/gcc/arm-none-eabi/5.4.1/../../../../arm-none-eabi/lib/armv7e-m\libg.a(lib_a-memset.o)
                0x08009d70                memset
 .text._realloc_r
                0x08009e0c      0x3e0 e:/coide/gccc/5.4 2016q3/bin/../lib/gcc/arm-none-eabi/5.4.1/../../../../arm-none-eabi/lib/armv7e-m\libg.a(lib_a-reallocr.o)
                0x08009e0c                _realloc_r
 .text.__ascii_wctomb
                0x0800a1ec       0x1c e:/coide/gccc/5.4 2016q3/bin/../lib/gcc/arm-none-eabi/5.4.1/../../../../arm-none-eabi/lib/armv7e-m\libg.a(lib_a-wctomb_r.o)
                0x0800a1ec                __ascii_wctomb
 .text          0x0800a208       0x2c e:/coide/gccc/5.4 2016q3/bin/../lib/gcc/arm-none-eabi/5.4.1/armv7e-m\libgcc.a(_arm_unorddf2.o)
                0x0800a208                __unorddf2
                0x0800a208                __aeabi_dcmpun
 .text          0x0800a234       0x50 e:/coide/gccc/5.4 2016q3/bin/../lib/gcc/arm-none-eabi/5.4.1/armv7e-m\libgcc.a(_arm_fixdfsi.o)
                0x0800a234                __aeabi_d2iz
                0x0800a234                __fixdfsi
 .text          0x0800a284       0x30 e:/coide/gccc/5.4 2016q3/bin/../lib/gcc/arm-none-eabi/5.4.1/armv7e-m\libgcc.a(_aeabi_uldivmod.o)
                0x0800a284                __aeabi_uldivmod
 .text          0x0800a2b4      0x2e4 e:/coide/gccc/5.4 2016q3/bin/../lib/gcc/arm-none-eabi/5.4.1/armv7e-m\libgcc.a(_udivmoddi4.o)
                0x0800a2b4                __udivmoddi4
 .text          0x0800a598        0x4 e:/coide/gccc/5.4 2016q3/bin/../lib/gcc/arm-none-eabi/5.4.1/armv7e-m\libgcc.a(_dvmd_tls.o)
                0x0800a598                __aeabi_idiv0
                0x0800a598                __aeabi_ldiv0
 *(.init)
 *(.fini)
 *crtbegin.o(.ctors)
 *crtbegin?.o(.ctors)
 *(EXCLUDE_FILE(*crtend.o *crtend?.o) .ctors)
 *(SORT(.ctors.*))
 *(.ctors)
 *crtbegin.o(.dtors)
 *crtbegin?.o(.dtors)
 *(EXCLUDE_FILE(*crtend.o *crtend?.o) .dtors)
 *(SORT(.dtors.*))
 *(.dtors)
 *(.rodata*)
 .rodata        0x0800a59c        0x4 ..\obj\tm_stm32f4_hd44780.o
 .rodata        0x0800a5a0       0x29 ..\obj\main.o
 *fill*         0x0800a5c9        0x3 
 .rodata        0x0800a5cc       0x62 ..\obj\usbd_desc.o
 *fill*         0x0800a62e        0x2 
 .rodata.zeroes.7256
                0x0800a630       0x10 e:/coide/gccc/5.4 2016q3/bin/../lib/gcc/arm-none-eabi/5.4.1/../../../../arm-none-eabi/lib/armv7e-m\libg.a(lib_a-svfprintf.o)
 .rodata.str1.4
                0x0800a640       0x42 e:/coide/gccc/5.4 2016q3/bin/../lib/gcc/arm-none-eabi/5.4.1/../../../../arm-none-eabi/lib/armv7e-m\libg.a(lib_a-svfprintf.o)
 *fill*         0x0800a682        0x2 
 .rodata.blanks.7255
                0x0800a684       0x10 e:/coide/gccc/5.4 2016q3/bin/../lib/gcc/arm-none-eabi/5.4.1/../../../../arm-none-eabi/lib/armv7e-m\libg.a(lib_a-svfprintf.o)
 .rodata.str1.4
                0x0800a694       0x10 e:/coide/gccc/5.4 2016q3/bin/../lib/gcc/arm-none-eabi/5.4.1/../../../../arm-none-eabi/lib/armv7e-m\libg.a(lib_a-dtoa.o)
                                 0x12 (size before relaxing)
 *fill*         0x0800a6a4        0x4 
 .rodata.__mprec_tens
                0x0800a6a8       0xc8 e:/coide/gccc/5.4 2016q3/bin/../lib/gcc/arm-none-eabi/5.4.1/../../../../arm-none-eabi/lib/armv7e-m\libg.a(lib_a-mprec.o)
                0x0800a6a8                __mprec_tens
 .rodata.p05.6085
                0x0800a770        0xc e:/coide/gccc/5.4 2016q3/bin/../lib/gcc/arm-none-eabi/5.4.1/../../../../arm-none-eabi/lib/armv7e-m\libg.a(lib_a-mprec.o)
 *fill*         0x0800a77c        0x4 
 .rodata.__mprec_bigtens
                0x0800a780       0x28 e:/coide/gccc/5.4 2016q3/bin/../lib/gcc/arm-none-eabi/5.4.1/../../../../arm-none-eabi/lib/armv7e-m\libg.a(lib_a-mprec.o)
                0x0800a780                __mprec_bigtens
 .rodata.str1.4
                0x0800a7a8       0x10 e:/coide/gccc/5.4 2016q3/bin/../lib/gcc/arm-none-eabi/5.4.1/../../../../arm-none-eabi/lib/armv7e-m\libg.a(lib_a-locale.o)
                                 0x12 (size before relaxing)
 .rodata._ctype_
                0x0800a7b8      0x101 e:/coide/gccc/5.4 2016q3/bin/../lib/gcc/arm-none-eabi/5.4.1/../../../../arm-none-eabi/lib/armv7e-m\libg.a(lib_a-ctype_.o)
                0x0800a7b8                _ctype_
 *(.eh_fram e*)

.glue_7         0x0800a8bc        0x0
 .glue_7        0x0800a8bc        0x0 linker stubs

.glue_7t        0x0800a8bc        0x0
 .glue_7t       0x0800a8bc        0x0 linker stubs

.vfp11_veneer   0x0800a8bc        0x0
 .vfp11_veneer  0x0800a8bc        0x0 linker stubs

.v4_bx          0x0800a8bc        0x0
 .v4_bx         0x0800a8bc        0x0 linker stubs

.iplt           0x0800a8bc        0x0
 .iplt          0x0800a8bc        0x0 ..\obj\usb_core.o

.ARM.extab
 *(.ARM.extab* .gnu.linkonce.armextab.*)
                0x0800a8bc                __exidx_start = .

.ARM.exidx      0x0800a8bc        0x8
 *(.ARM.exidx* .gnu.linkonce.armexidx.*)
 .ARM.exidx     0x0800a8bc        0x8 e:/coide/gccc/5.4 2016q3/bin/../lib/gcc/arm-none-eabi/5.4.1/armv7e-m\libgcc.a(_udivmoddi4.o)
                0x0800a8c4                __exidx_end = .
                0x0800a8c4                __etext = .
                0x0800a8c4                _sidata = __etext

.rel.dyn        0x0800a8c4        0x0
 .rel.iplt      0x0800a8c4        0x0 ..\obj\usb_core.o

.data           0x20000000      0xaf0 load address 0x0800a8c4
                0x20000000                __data_start__ = .
                0x20000000                _sdata = __data_start__
 *(vtable)
 *(.data*)
 .data          0x20000000       0x20 ..\obj\usbd_usr.o
                0x20000000                TM_USB_VCP_INT_Status
                0x20000004                USR_cb
 .data          0x20000020       0x30 ..\obj\usbd_core.o
                0x20000020                USBD_DCD_INT_cb
                0x2000004c                USBD_DCD_INT_fops
 .data          0x20000050       0x10 ..\obj\stm32f4xx_rcc.o
 .data          0x20000060       0x40 ..\obj\usbd_desc.o
                0x20000060                USR_desc
                0x2000007c                USBD_DeviceDesc
                0x20000090                USBD_DeviceQualifierDesc
                0x2000009c                USBD_LangIDDesc
 .data          0x200000a0       0x1c ..\obj\usbd_cdc_vcp.o
                0x200000a0                linecoding
                0x200000a8                VCP_fops
 .data          0x200000bc       0x14 ..\obj\system_stm32f4xx.o
                0x200000bc                SystemCoreClock
                0x200000c0                AHBPrescTable
 .data          0x200000d0       0x74 ..\obj\usbd_cdc_core.o
                0x200000d0                usbd_cdc_CfgDesc
                0x20000118                USBD_CDC_cb
 .data.__malloc_av_
                0x20000144      0x408 e:/coide/gccc/5.4 2016q3/bin/../lib/gcc/arm-none-eabi/5.4.1/../../../../arm-none-eabi/lib/armv7e-m\libg.a(lib_a-mallocr.o)
                0x20000144                __malloc_av_
 .data.__malloc_trim_threshold
                0x2000054c        0x4 e:/coide/gccc/5.4 2016q3/bin/../lib/gcc/arm-none-eabi/5.4.1/../../../../arm-none-eabi/lib/armv7e-m\libg.a(lib_a-mallocr.o)
                0x2000054c                __malloc_trim_threshold
 .data.__malloc_sbrk_base
                0x20000550        0x4 e:/coide/gccc/5.4 2016q3/bin/../lib/gcc/arm-none-eabi/5.4.1/../../../../arm-none-eabi/lib/armv7e-m\libg.a(lib_a-mallocr.o)
                0x20000550                __malloc_sbrk_base
 *fill*         0x20000554        0x4 
 .data.impure_data
                0x20000558      0x428 e:/coide/gccc/5.4 2016q3/bin/../lib/gcc/arm-none-eabi/5.4.1/../../../../arm-none-eabi/lib/armv7e-m\libg.a(lib_a-impure.o)
 .data._impure_ptr
                0x20000980        0x4 e:/coide/gccc/5.4 2016q3/bin/../lib/gcc/arm-none-eabi/5.4.1/../../../../arm-none-eabi/lib/armv7e-m\libg.a(lib_a-impure.o)
                0x20000980                _impure_ptr
 .data.__global_locale
                0x20000984      0x16c e:/coide/gccc/5.4 2016q3/bin/../lib/gcc/arm-none-eabi/5.4.1/../../../../arm-none-eabi/lib/armv7e-m\libg.a(lib_a-locale.o)
                0x20000984                __global_locale
                0x20000af0                . = ALIGN (0x4)
                [!provide]                PROVIDE (__preinit_array_start, .)
 *(.preinit_array)
                [!provide]                PROVIDE (__preinit_array_end, .)
                0x20000af0                . = ALIGN (0x4)
                [!provide]                PROVIDE (__init_array_start, .)
 *(SORT(.init_array.*))
 *(.init_array)
                [!provide]                PROVIDE (__init_array_end, .)
                0x20000af0                . = ALIGN (0x4)
                [!provide]                PROVIDE (__fini_array_start, .)
 *(SORT(.fini_array.*))
 *(.fini_array)
                [!provide]                PROVIDE (__fini_array_end, .)
 *(.jcr*)
                0x20000af0                . = ALIGN (0x4)
                0x20000af0                __data_end__ = .
                0x20000af0                _edata = __data_end__

.igot.plt       0x20000af0        0x0 load address 0x0800b3b4
 .igot.plt      0x20000af0        0x0 ..\obj\usb_core.o

.bss            0x20000af0     0x10cc load address 0x0800b3b4
                0x20000af0                . = ALIGN (0x4)
                0x20000af0                __bss_start__ = .
                0x20000af0                _sbss = __bss_start__
 *(.bss*)
 .bss           0x20000af0        0x4 ..\obj\delay.o
 .bss           0x20000af4        0x7 ..\obj\tm_stm32f4_hd44780.o
 *fill*         0x20000afb        0x1 
 .bss           0x20000afc       0x28 ..\obj\tm_stm32f4_delay.o
                0x20000afc                TM_TimingDelay
                0x20000b00                TM_Time
                0x20000b04                TM_Time2
                0x20000b08                TM_DELAY_Initialized
 .bss           0x20000b24        0x1 ..\obj\tm_stm32f4_usb_vcp.o
                0x20000b24                TM_USB_VCP_INT_Init
 *fill*         0x20000b25        0x3 
 .bss           0x20000b28        0x4 ..\obj\syscalls.o
 .bss           0x20000b2c        0xd ..\obj\usbd_req.o
                0x20000b2c                USBD_ep_status
                0x20000b30                USBD_default_cfg
                0x20000b34                USBD_cfg_status
 *fill*         0x20000b39        0x3 
 .bss           0x20000b3c       0x1c ..\obj\usbd_cdc_core.o
                0x20000b40                APP_Rx_ptr_in
                0x20000b44                APP_Rx_ptr_out
                0x20000b48                APP_Rx_length
                0x20000b4c                USB_Tx_State
 .bss           0x20000b58       0x16 ..\obj\tm_stm32f4_gpio.o
 *fill*         0x20000b6e        0x2 
 .bss.__malloc_max_total_mem
                0x20000b70        0x4 e:/coide/gccc/5.4 2016q3/bin/../lib/gcc/arm-none-eabi/5.4.1/../../../../arm-none-eabi/lib/armv7e-m\libg.a(lib_a-mallocr.o)
                0x20000b70                __malloc_max_total_mem
 .bss.__malloc_max_sbrked_mem
                0x20000b74        0x4 e:/coide/gccc/5.4 2016q3/bin/../lib/gcc/arm-none-eabi/5.4.1/../../../../arm-none-eabi/lib/armv7e-m\libg.a(lib_a-mallocr.o)
                0x20000b74                __malloc_max_sbrked_mem
 .bss.__malloc_top_pad
                0x20000b78        0x4 e:/coide/gccc/5.4 2016q3/bin/../lib/gcc/arm-none-eabi/5.4.1/../../../../arm-none-eabi/lib/armv7e-m\libg.a(lib_a-mallocr.o)
                0x20000b78                __malloc_top_pad
 .bss.__malloc_current_mallinfo
                0x20000b7c       0x28 e:/coide/gccc/5.4 2016q3/bin/../lib/gcc/arm-none-eabi/5.4.1/../../../../arm-none-eabi/lib/armv7e-m\libg.a(lib_a-mallocr.o)
                0x20000b7c                __malloc_current_mallinfo
 *(COMMON)
 COMMON         0x20000ba4        0x4 ..\obj\usbd_core.o
                0x20000ba4                SET_TEST_MODE
 COMMON         0x20000ba8        0x1 ..\obj\main.o
                0x20000ba8                buff
 *fill*         0x20000ba9        0x3 
 COMMON         0x20000bac      0x680 ..\obj\tm_stm32f4_usb_vcp.o
                0x20000bac                tm_int_usb_vcp_buf_in
                0x20000bb0                tm_int_usb_vcp_buf_num
                0x20000bb4                tm_int_usb_vcp_buf_out
                0x20000bb8                TM_INT_USB_VCP_ReceiveBuffer
                0x20000c38                USB_OTG_dev
 COMMON         0x2000122c       0xff ..\obj\usbd_req.o
                0x2000122c                USBD_StrDesc
 *fill*         0x2000132b        0x1 
 COMMON         0x2000132c      0x88c ..\obj\usbd_cdc_core.o
                0x2000132c                usbd_cdc_OtherCfgDesc
                0x20001370                USB_Rx_Buffer
                0x200013b0                CmdBuff
                0x200013b8                APP_Rx_Buffer
 COMMON         0x20001bb8        0x4 e:/coide/gccc/5.4 2016q3/bin/../lib/gcc/arm-none-eabi/5.4.1/../../../../arm-none-eabi/lib/armv7e-m\libg.a(lib_a-reent.o)
                0x20001bb8                errno
                0x20001bbc                . = ALIGN (0x4)
                0x20001bbc                __bss_end__ = .
                0x20001bbc                _ebss = __bss_end__

.heap           0x20001bbc        0x0
                0x20001bbc                __end__ = .
                0x20001bbc                _end = __end__
                0x20001bbc                end = __end__
 *(.heap*)
                0x20001bbc                __HeapLimit = .

.co_stack       0x20001bbc      0x804 load address 0x0800c480
                0x20001bc0                . = ALIGN (0x8)
 *fill*         0x20001bbc        0x4 
 *(.co_stack .co_stack.*)
 .co_stack      0x20001bc0      0x800 ..\obj\startup_stm32f4xx.o
                0x20001bc0                pulStack
                0x20020000                __StackTop = (ORIGIN (ram) + LENGTH (ram))
                0x2001f7fc                __StackLimit = (__StackTop - SIZEOF (.co_stack))
                [!provide]                PROVIDE (__stack, __StackTop)
                0x00000001                ASSERT ((__StackLimit >= __HeapLimit), region ram  overflowed with stack)
LOAD ..\obj\usb_core.o
LOAD ..\obj\delay.o
LOAD ..\obj\tm_stm32f4_hd44780.o
LOAD ..\obj\usbd_usr.o
LOAD ..\obj\startup_stm32f4xx.o
LOAD ..\obj\usbd_core.o
LOAD ..\obj\main.o
LOAD ..\obj\stm32f4xx_rcc.o
LOAD ..\obj\stm32f4xx_adc.o
LOAD ..\obj\tm_stm32f4_delay.o
LOAD ..\obj\usbd_desc.o
LOAD ..\obj\tm_stm32f4_usb_vcp.o
LOAD ..\obj\stm32f4xx_gpio.o
LOAD ..\obj\usbd_cdc_vcp.o
LOAD ..\obj\system_stm32f4xx.o
LOAD ..\obj\syscalls.o
LOAD ..\obj\usb_bsp.o
LOAD ..\obj\usbd_req.o
LOAD ..\obj\usb_dcd_int.o
LOAD ..\obj\usbd_cdc_core.o
LOAD ..\obj\stm32f4xx_exti.o
LOAD ..\obj\misc.o
LOAD ..\obj\usb_dcd.o
LOAD ..\obj\tm_stm32f4_gpio.o
LOAD ..\obj\tm_stm32f4_timer_properties.o
LOAD ..\obj\usbd_ioreq.o
LOAD ..\obj\stm32f4xx_tim.o
START GROUP
LOAD e:/coide/gccc/5.4 2016q3/bin/../lib/gcc/arm-none-eabi/5.4.1/armv7e-m\libgcc.a
LOAD e:/coide/gccc/5.4 2016q3/bin/../lib/gcc/arm-none-eabi/5.4.1/../../../../arm-none-eabi/lib/armv7e-m\libg.a
LOAD e:/coide/gccc/5.4 2016q3/bin/../lib/gcc/arm-none-eabi/5.4.1/../../../../arm-none-eabi/lib/armv7e-m\libc.a
END GROUP
OUTPUT(LCD 16x2.elf elf32-littlearm)

.debug_info     0x00000000    0x134a9
 .debug_info    0x00000000     0x24b2 ..\obj\usb_core.o
 .debug_info    0x000024b2      0x125 ..\obj\delay.o
 .debug_info    0x000025d7      0x806 ..\obj\tm_stm32f4_hd44780.o
 .debug_info    0x00002ddd      0x251 ..\obj\usbd_usr.o
 .debug_info    0x0000302e       0xf2 ..\obj\startup_stm32f4xx.o
 .debug_info    0x00003120     0x100d ..\obj\usbd_core.o
 .debug_info    0x0000412d      0xe07 ..\obj\main.o
 .debug_info    0x00004f34      0xc63 ..\obj\stm32f4xx_rcc.o
 .debug_info    0x00005b97      0xc40 ..\obj\stm32f4xx_adc.o
 .debug_info    0x000067d7      0xae6 ..\obj\tm_stm32f4_delay.o
 .debug_info    0x000072bd      0x36f ..\obj\usbd_desc.o
 .debug_info    0x0000762c      0xe92 ..\obj\tm_stm32f4_usb_vcp.o
 .debug_info    0x000084be      0x61a ..\obj\stm32f4xx_gpio.o
 .debug_info    0x00008ad8      0x32e ..\obj\usbd_cdc_vcp.o
 .debug_info    0x00008e06      0x5c5 ..\obj\system_stm32f4xx.o
 .debug_info    0x000093cb      0x458 ..\obj\syscalls.o
 .debug_info    0x00009823     0x102b ..\obj\usb_bsp.o
 .debug_info    0x0000a84e     0x1002 ..\obj\usbd_req.o
 .debug_info    0x0000b850     0x1de8 ..\obj\usb_dcd_int.o
 .debug_info    0x0000d638      0xf39 ..\obj\usbd_cdc_core.o
 .debug_info    0x0000e571      0x357 ..\obj\stm32f4xx_exti.o
 .debug_info    0x0000e8c8      0x556 ..\obj\misc.o
 .debug_info    0x0000ee1e     0x1066 ..\obj\usb_dcd.o
 .debug_info    0x0000fe84      0x83d ..\obj\tm_stm32f4_gpio.o
 .debug_info    0x000106c1      0x481 ..\obj\tm_stm32f4_timer_properties.o
 .debug_info    0x00010b42      0xcfe ..\obj\usbd_ioreq.o
 .debug_info    0x00011840     0x1c69 ..\obj\stm32f4xx_tim.o

.debug_abbrev   0x00000000     0x2f69
 .debug_abbrev  0x00000000      0x2ed ..\obj\usb_core.o
 .debug_abbrev  0x000002ed       0xc2 ..\obj\delay.o
 .debug_abbrev  0x000003af      0x23e ..\obj\tm_stm32f4_hd44780.o
 .debug_abbrev  0x000005ed      0x111 ..\obj\usbd_usr.o
 .debug_abbrev  0x000006fe       0xb0 ..\obj\startup_stm32f4xx.o
 .debug_abbrev  0x000007ae      0x279 ..\obj\usbd_core.o
 .debug_abbrev  0x00000a27      0x28d ..\obj\main.o
 .debug_abbrev  0x00000cb4      0x1e5 ..\obj\stm32f4xx_rcc.o
 .debug_abbrev  0x00000e99      0x198 ..\obj\stm32f4xx_adc.o
 .debug_abbrev  0x00001031      0x2c6 ..\obj\tm_stm32f4_delay.o
 .debug_abbrev  0x000012f7      0x103 ..\obj\usbd_desc.o
 .debug_abbrev  0x000013fa      0x216 ..\obj\tm_stm32f4_usb_vcp.o
 .debug_abbrev  0x00001610      0x1a7 ..\obj\stm32f4xx_gpio.o
 .debug_abbrev  0x000017b7      0x17d ..\obj\usbd_cdc_vcp.o
 .debug_abbrev  0x00001934      0x138 ..\obj\system_stm32f4xx.o
 .debug_abbrev  0x00001a6c       0xe5 ..\obj\syscalls.o
 .debug_abbrev  0x00001b51      0x213 ..\obj\usb_bsp.o
 .debug_abbrev  0x00001d64      0x2a8 ..\obj\usbd_req.o
 .debug_abbrev  0x0000200c      0x25f ..\obj\usb_dcd_int.o
 .debug_abbrev  0x0000226b      0x219 ..\obj\usbd_cdc_core.o
 .debug_abbrev  0x00002484      0x1a9 ..\obj\stm32f4xx_exti.o
 .debug_abbrev  0x0000262d      0x147 ..\obj\misc.o
 .debug_abbrev  0x00002774      0x25d ..\obj\usb_dcd.o
 .debug_abbrev  0x000029d1      0x151 ..\obj\tm_stm32f4_gpio.o
 .debug_abbrev  0x00002b22      0x10b ..\obj\tm_stm32f4_timer_properties.o
 .debug_abbrev  0x00002c2d      0x1b3 ..\obj\usbd_ioreq.o
 .debug_abbrev  0x00002de0      0x189 ..\obj\stm32f4xx_tim.o

.debug_aranges  0x00000000      0xfd8
 .debug_aranges
                0x00000000      0x138 ..\obj\usb_core.o
 .debug_aranges
                0x00000138       0x30 ..\obj\delay.o
 .debug_aranges
                0x00000168       0xc0 ..\obj\tm_stm32f4_hd44780.o
 .debug_aranges
                0x00000228       0x58 ..\obj\usbd_usr.o
 .debug_aranges
                0x00000280       0x28 ..\obj\startup_stm32f4xx.o
 .debug_aranges
                0x000002a8       0x88 ..\obj\usbd_core.o
 .debug_aranges
                0x00000330       0x60 ..\obj\main.o
 .debug_aranges
                0x00000390      0x178 ..\obj\stm32f4xx_rcc.o
 .debug_aranges
                0x00000508      0x148 ..\obj\stm32f4xx_adc.o
 .debug_aranges
                0x00000650       0x88 ..\obj\tm_stm32f4_delay.o
 .debug_aranges
                0x000006d8       0x50 ..\obj\usbd_desc.o
 .debug_aranges
                0x00000728       0x78 ..\obj\tm_stm32f4_usb_vcp.o
 .debug_aranges
                0x000007a0       0x88 ..\obj\stm32f4xx_gpio.o
 .debug_aranges
                0x00000828       0x40 ..\obj\usbd_cdc_vcp.o
 .debug_aranges
                0x00000868       0x30 ..\obj\system_stm32f4xx.o
 .debug_aranges
                0x00000898       0x60 ..\obj\syscalls.o
 .debug_aranges
                0x000008f8       0x48 ..\obj\usb_bsp.o
 .debug_aranges
                0x00000940       0x88 ..\obj\usbd_req.o
 .debug_aranges
                0x000009c8       0x80 ..\obj\usb_dcd_int.o
 .debug_aranges
                0x00000a48       0x60 ..\obj\usbd_cdc_core.o
 .debug_aranges
                0x00000aa8       0x58 ..\obj\stm32f4xx_exti.o
 .debug_aranges
                0x00000b00       0x40 ..\obj\misc.o
 .debug_aranges
                0x00000b40       0x80 ..\obj\usb_dcd.o
 .debug_aranges
                0x00000bc0       0x98 ..\obj\tm_stm32f4_gpio.o
 .debug_aranges
                0x00000c58       0x38 ..\obj\tm_stm32f4_timer_properties.o
 .debug_aranges
                0x00000c90       0x50 ..\obj\usbd_ioreq.o
 .debug_aranges
                0x00000ce0      0x2f8 ..\obj\stm32f4xx_tim.o

.debug_ranges   0x00000000      0xe28
 .debug_ranges  0x00000000      0x128 ..\obj\usb_core.o
 .debug_ranges  0x00000128       0x20 ..\obj\delay.o
 .debug_ranges  0x00000148       0xb0 ..\obj\tm_stm32f4_hd44780.o
 .debug_ranges  0x000001f8       0x48 ..\obj\usbd_usr.o
 .debug_ranges  0x00000240       0x18 ..\obj\startup_stm32f4xx.o
 .debug_ranges  0x00000258       0x78 ..\obj\usbd_core.o
 .debug_ranges  0x000002d0       0x50 ..\obj\main.o
 .debug_ranges  0x00000320      0x168 ..\obj\stm32f4xx_rcc.o
 .debug_ranges  0x00000488      0x138 ..\obj\stm32f4xx_adc.o
 .debug_ranges  0x000005c0       0x78 ..\obj\tm_stm32f4_delay.o
 .debug_ranges  0x00000638       0x40 ..\obj\usbd_desc.o
 .debug_ranges  0x00000678       0x68 ..\obj\tm_stm32f4_usb_vcp.o
 .debug_ranges  0x000006e0       0x78 ..\obj\stm32f4xx_gpio.o
 .debug_ranges  0x00000758       0x30 ..\obj\usbd_cdc_vcp.o
 .debug_ranges  0x00000788       0x20 ..\obj\system_stm32f4xx.o
 .debug_ranges  0x000007a8       0x50 ..\obj\syscalls.o
 .debug_ranges  0x000007f8       0x38 ..\obj\usb_bsp.o
 .debug_ranges  0x00000830       0x78 ..\obj\usbd_req.o
 .debug_ranges  0x000008a8       0x70 ..\obj\usb_dcd_int.o
 .debug_ranges  0x00000918       0x50 ..\obj\usbd_cdc_core.o
 .debug_ranges  0x00000968       0x48 ..\obj\stm32f4xx_exti.o
 .debug_ranges  0x000009b0       0x30 ..\obj\misc.o
 .debug_ranges  0x000009e0       0x70 ..\obj\usb_dcd.o
 .debug_ranges  0x00000a50       0x88 ..\obj\tm_stm32f4_gpio.o
 .debug_ranges  0x00000ad8       0x28 ..\obj\tm_stm32f4_timer_properties.o
 .debug_ranges  0x00000b00       0x40 ..\obj\usbd_ioreq.o
 .debug_ranges  0x00000b40      0x2e8 ..\obj\stm32f4xx_tim.o

.debug_line     0x00000000     0x5a01
 .debug_line    0x00000000      0x6bc ..\obj\usb_core.o
 .debug_line    0x000006bc      0x1ab ..\obj\delay.o
 .debug_line    0x00000867      0x412 ..\obj\tm_stm32f4_hd44780.o
 .debug_line    0x00000c79      0x235 ..\obj\usbd_usr.o
 .debug_line    0x00000eae       0xa5 ..\obj\startup_stm32f4xx.o
 .debug_line    0x00000f53      0x309 ..\obj\usbd_core.o
 .debug_line    0x0000125c      0x389 ..\obj\main.o
 .debug_line    0x000015e5      0x595 ..\obj\stm32f4xx_rcc.o
 .debug_line    0x00001b7a      0x54d ..\obj\stm32f4xx_adc.o
 .debug_line    0x000020c7      0x407 ..\obj\tm_stm32f4_delay.o
 .debug_line    0x000024ce      0x1e7 ..\obj\usbd_desc.o
 .debug_line    0x000026b5      0x342 ..\obj\tm_stm32f4_usb_vcp.o
 .debug_line    0x000029f7      0x350 ..\obj\stm32f4xx_gpio.o
 .debug_line    0x00002d47      0x20b ..\obj\usbd_cdc_vcp.o
 .debug_line    0x00002f52      0x1ca ..\obj\system_stm32f4xx.o
 .debug_line    0x0000311c      0x1b5 ..\obj\syscalls.o
 .debug_line    0x000032d1      0x28f ..\obj\usb_bsp.o
 .debug_line    0x00003560      0x3d7 ..\obj\usbd_req.o
 .debug_line    0x00003937      0x395 ..\obj\usb_dcd_int.o
 .debug_line    0x00003ccc      0x27c ..\obj\usbd_cdc_core.o
 .debug_line    0x00003f48      0x291 ..\obj\stm32f4xx_exti.o
 .debug_line    0x000041d9      0x22e ..\obj\misc.o
 .debug_line    0x00004407      0x31b ..\obj\usb_dcd.o
 .debug_line    0x00004722      0x362 ..\obj\tm_stm32f4_gpio.o
 .debug_line    0x00004a84      0x2c7 ..\obj\tm_stm32f4_timer_properties.o
 .debug_line    0x00004d4b      0x205 ..\obj\usbd_ioreq.o
 .debug_line    0x00004f50      0xab1 ..\obj\stm32f4xx_tim.o

.debug_str      0x00000000     0x573a
 .debug_str     0x00000000     0x13a8 ..\obj\usb_core.o
                               0x16eb (size before relaxing)
 .debug_str     0x000013a8       0x60 ..\obj\delay.o
                                0x19c (size before relaxing)
 .debug_str     0x00001408      0x497 ..\obj\tm_stm32f4_hd44780.o
                                0x615 (size before relaxing)
 .debug_str     0x0000189f      0x209 ..\obj\usbd_usr.o
                                0x41f (size before relaxing)
 .debug_str     0x00001aa8       0xb4 ..\obj\startup_stm32f4xx.o
                                0x14b (size before relaxing)
 .debug_str     0x00001b5c      0x1c6 ..\obj\usbd_core.o
                                0xc03 (size before relaxing)
 .debug_str     0x00001d22      0x89a ..\obj\main.o
                                0xc55 (size before relaxing)
 .debug_str     0x000025bc      0x64d ..\obj\stm32f4xx_rcc.o
                                0x854 (size before relaxing)
 .debug_str     0x00002c09      0x502 ..\obj\stm32f4xx_adc.o
                                0x808 (size before relaxing)
 .debug_str     0x0000310b      0x35e ..\obj\tm_stm32f4_delay.o
                                0xb99 (size before relaxing)
 .debug_str     0x00003469      0x17b ..\obj\usbd_desc.o
                                0x3f1 (size before relaxing)
 .debug_str     0x000035e4      0x269 ..\obj\tm_stm32f4_usb_vcp.o
                                0xcc6 (size before relaxing)
 .debug_str     0x0000384d      0x191 ..\obj\stm32f4xx_gpio.o
                                0x4a7 (size before relaxing)
 .debug_str     0x000039de      0x10b ..\obj\usbd_cdc_vcp.o
                                0x324 (size before relaxing)
 .debug_str     0x00003ae9       0xb8 ..\obj\system_stm32f4xx.o
                                0x3ae (size before relaxing)
 .debug_str     0x00003ba1      0x176 ..\obj\syscalls.o
                                0x33f (size before relaxing)
 .debug_str     0x00003d17       0xf7 ..\obj\usb_bsp.o
                               0x115c (size before relaxing)
 .debug_str     0x00003e0e      0x183 ..\obj\usbd_req.o
                                0xb8f (size before relaxing)
 .debug_str     0x00003f91      0x2b3 ..\obj\usb_dcd_int.o
                               0x1360 (size before relaxing)
 .debug_str     0x00004244      0x1ab ..\obj\usbd_cdc_core.o
                                0xb9e (size before relaxing)
 .debug_str     0x000043ef      0x1d1 ..\obj\stm32f4xx_exti.o
                                0x35d (size before relaxing)
 .debug_str     0x000045c0      0x100 ..\obj\misc.o
                                0x3d2 (size before relaxing)
 .debug_str     0x000046c0      0x129 ..\obj\usb_dcd.o
                                0xbb3 (size before relaxing)
 .debug_str     0x000047e9      0x1ed ..\obj\tm_stm32f4_gpio.o
                                0x5b4 (size before relaxing)
 .debug_str     0x000049d6      0x1fc ..\obj\tm_stm32f4_timer_properties.o
                                0x4eb (size before relaxing)
 .debug_str     0x00004bd2       0xe3 ..\obj\usbd_ioreq.o
                                0xa3f (size before relaxing)
 .debug_str     0x00004cb5      0xa85 ..\obj\stm32f4xx_tim.o
                                0xdd4 (size before relaxing)

.comment        0x00000000       0x6e
 .comment       0x00000000       0x6e ..\obj\usb_core.o
                                 0x6f (size before relaxing)
 .comment       0x0000006e       0x6f ..\obj\delay.o
 .comment       0x0000006e       0x6f ..\obj\tm_stm32f4_hd44780.o
 .comment       0x0000006e       0x6f ..\obj\usbd_usr.o
 .comment       0x0000006e       0x6f ..\obj\startup_stm32f4xx.o
 .comment       0x0000006e       0x6f ..\obj\usbd_core.o
 .comment       0x0000006e       0x6f ..\obj\main.o
 .comment       0x0000006e       0x6f ..\obj\stm32f4xx_rcc.o
 .comment       0x0000006e       0x6f ..\obj\stm32f4xx_adc.o
 .comment       0x0000006e       0x6f ..\obj\tm_stm32f4_delay.o
 .comment       0x0000006e       0x6f ..\obj\usbd_desc.o
 .comment       0x0000006e       0x6f ..\obj\tm_stm32f4_usb_vcp.o
 .comment       0x0000006e       0x6f ..\obj\stm32f4xx_gpio.o
 .comment       0x0000006e       0x6f ..\obj\usbd_cdc_vcp.o
 .comment       0x0000006e       0x6f ..\obj\system_stm32f4xx.o
 .comment       0x0000006e       0x6f ..\obj\syscalls.o
 .comment       0x0000006e       0x6f ..\obj\usb_bsp.o
 .comment       0x0000006e       0x6f ..\obj\usbd_req.o
 .comment       0x0000006e       0x6f ..\obj\usb_dcd_int.o
 .comment       0x0000006e       0x6f ..\obj\usbd_cdc_core.o
 .comment       0x0000006e       0x6f ..\obj\stm32f4xx_exti.o
 .comment       0x0000006e       0x6f ..\obj\misc.o
 .comment       0x0000006e       0x6f ..\obj\usb_dcd.o
 .comment       0x0000006e       0x6f ..\obj\tm_stm32f4_gpio.o
 .comment       0x0000006e       0x6f ..\obj\tm_stm32f4_timer_properties.o
 .comment       0x0000006e       0x6f ..\obj\usbd_ioreq.o
 .comment       0x0000006e       0x6f ..\obj\stm32f4xx_tim.o

.ARM.attributes
                0x00000000       0x31
 .ARM.attributes
                0x00000000       0x33 ..\obj\usb_core.o
 .ARM.attributes
                0x00000033       0x33 ..\obj\delay.o
 .ARM.attributes
                0x00000066       0x33 ..\obj\tm_stm32f4_hd44780.o
 .ARM.attributes
                0x00000099       0x33 ..\obj\usbd_usr.o
 .ARM.attributes
                0x000000cc       0x33 ..\obj\startup_stm32f4xx.o
 .ARM.attributes
                0x000000ff       0x33 ..\obj\usbd_core.o
 .ARM.attributes
                0x00000132       0x33 ..\obj\main.o
 .ARM.attributes
                0x00000165       0x33 ..\obj\stm32f4xx_rcc.o
 .ARM.attributes
                0x00000198       0x33 ..\obj\stm32f4xx_adc.o
 .ARM.attributes
                0x000001cb       0x33 ..\obj\tm_stm32f4_delay.o
 .ARM.attributes
                0x000001fe       0x33 ..\obj\usbd_desc.o
 .ARM.attributes
                0x00000231       0x33 ..\obj\tm_stm32f4_usb_vcp.o
 .ARM.attributes
                0x00000264       0x33 ..\obj\stm32f4xx_gpio.o
 .ARM.attributes
                0x00000297       0x33 ..\obj\usbd_cdc_vcp.o
 .ARM.attributes
                0x000002ca       0x33 ..\obj\system_stm32f4xx.o
 .ARM.attributes
                0x000002fd       0x33 ..\obj\syscalls.o
 .ARM.attributes
                0x00000330       0x33 ..\obj\usb_bsp.o
 .ARM.attributes
                0x00000363       0x33 ..\obj\usbd_req.o
 .ARM.attributes
                0x00000396       0x33 ..\obj\usb_dcd_int.o
 .ARM.attributes
                0x000003c9       0x33 ..\obj\usbd_cdc_core.o
 .ARM.attributes
                0x000003fc       0x33 ..\obj\stm32f4xx_exti.o
 .ARM.attributes
                0x0000042f       0x33 ..\obj\misc.o
 .ARM.attributes
                0x00000462       0x33 ..\obj\usb_dcd.o
 .ARM.attributes
                0x00000495       0x33 ..\obj\tm_stm32f4_gpio.o
 .ARM.attributes
                0x000004c8       0x33 ..\obj\tm_stm32f4_timer_properties.o
 .ARM.attributes
                0x000004fb       0x33 ..\obj\usbd_ioreq.o
 .ARM.attributes
                0x0000052e       0x33 ..\obj\stm32f4xx_tim.o
 .ARM.attributes
                0x00000561       0x1e e:/coide/gccc/5.4 2016q3/bin/../lib/gcc/arm-none-eabi/5.4.1/armv7e-m\libgcc.a(_arm_addsubdf3.o)
 .ARM.attributes
                0x0000057f       0x1e e:/coide/gccc/5.4 2016q3/bin/../lib/gcc/arm-none-eabi/5.4.1/armv7e-m\libgcc.a(_arm_muldivdf3.o)
 .ARM.attributes
                0x0000059d       0x1e e:/coide/gccc/5.4 2016q3/bin/../lib/gcc/arm-none-eabi/5.4.1/armv7e-m\libgcc.a(_arm_cmpdf2.o)
 .ARM.attributes
                0x000005bb       0x1e e:/coide/gccc/5.4 2016q3/bin/../lib/gcc/arm-none-eabi/5.4.1/armv7e-m\libgcc.a(_arm_fixunsdfsi.o)
 .ARM.attributes
                0x000005d9       0x1e e:/coide/gccc/5.4 2016q3/bin/../lib/gcc/arm-none-eabi/5.4.1/armv7e-m\libgcc.a(_arm_addsubsf3.o)
 .ARM.attributes
                0x000005f7       0x1e e:/coide/gccc/5.4 2016q3/bin/../lib/gcc/arm-none-eabi/5.4.1/armv7e-m\libgcc.a(_arm_muldivsf3.o)
 .ARM.attributes
                0x00000615       0x1e e:/coide/gccc/5.4 2016q3/bin/../lib/gcc/arm-none-eabi/5.4.1/armv7e-m\libgcc.a(_arm_fixsfsi.o)
 .ARM.attributes
                0x00000633       0x2e e:/coide/gccc/5.4 2016q3/bin/../lib/gcc/arm-none-eabi/5.4.1/../../../../arm-none-eabi/lib/armv7e-m\libg.a(lib_a-mallocr.o)
 .ARM.attributes
                0x00000661       0x2e e:/coide/gccc/5.4 2016q3/bin/../lib/gcc/arm-none-eabi/5.4.1/../../../../arm-none-eabi/lib/armv7e-m\libg.a(lib_a-mlock.o)
 .ARM.attributes
                0x0000068f       0x2e e:/coide/gccc/5.4 2016q3/bin/../lib/gcc/arm-none-eabi/5.4.1/../../../../arm-none-eabi/lib/armv7e-m\libg.a(lib_a-sbrkr.o)
 .ARM.attributes
                0x000006bd       0x2e e:/coide/gccc/5.4 2016q3/bin/../lib/gcc/arm-none-eabi/5.4.1/../../../../arm-none-eabi/lib/armv7e-m\libg.a(lib_a-sprintf.o)
 .ARM.attributes
                0x000006eb       0x2e e:/coide/gccc/5.4 2016q3/bin/../lib/gcc/arm-none-eabi/5.4.1/../../../../arm-none-eabi/lib/armv7e-m\libg.a(lib_a-svfprintf.o)
 .ARM.attributes
                0x00000719       0x2e e:/coide/gccc/5.4 2016q3/bin/../lib/gcc/arm-none-eabi/5.4.1/../../../../arm-none-eabi/lib/armv7e-m\libg.a(lib_a-dtoa.o)
 .ARM.attributes
                0x00000747       0x2e e:/coide/gccc/5.4 2016q3/bin/../lib/gcc/arm-none-eabi/5.4.1/../../../../arm-none-eabi/lib/armv7e-m\libg.a(lib_a-freer.o)
 .ARM.attributes
                0x00000775       0x2e e:/coide/gccc/5.4 2016q3/bin/../lib/gcc/arm-none-eabi/5.4.1/../../../../arm-none-eabi/lib/armv7e-m\libg.a(lib_a-impure.o)
 .ARM.attributes
                0x000007a3       0x2e e:/coide/gccc/5.4 2016q3/bin/../lib/gcc/arm-none-eabi/5.4.1/../../../../arm-none-eabi/lib/armv7e-m\libg.a(lib_a-localeconv.o)
 .ARM.attributes
                0x000007d1       0x1c e:/coide/gccc/5.4 2016q3/bin/../lib/gcc/arm-none-eabi/5.4.1/../../../../arm-none-eabi/lib/armv7e-m\libg.a(lib_a-memchr.o)
 .ARM.attributes
                0x000007ed       0x1c e:/coide/gccc/5.4 2016q3/bin/../lib/gcc/arm-none-eabi/5.4.1/../../../../arm-none-eabi/lib/armv7e-m\libg.a(lib_a-memcpy.o)
 .ARM.attributes
                0x00000809       0x2e e:/coide/gccc/5.4 2016q3/bin/../lib/gcc/arm-none-eabi/5.4.1/../../../../arm-none-eabi/lib/armv7e-m\libg.a(lib_a-mprec.o)
 .ARM.attributes
                0x00000837       0x2e e:/coide/gccc/5.4 2016q3/bin/../lib/gcc/arm-none-eabi/5.4.1/../../../../arm-none-eabi/lib/armv7e-m\libg.a(lib_a-reent.o)
 .ARM.attributes
                0x00000865       0x1c e:/coide/gccc/5.4 2016q3/bin/../lib/gcc/arm-none-eabi/5.4.1/../../../../arm-none-eabi/lib/armv7e-m\libg.a(lib_a-strlen.o)
 .ARM.attributes
                0x00000881       0x2e e:/coide/gccc/5.4 2016q3/bin/../lib/gcc/arm-none-eabi/5.4.1/../../../../arm-none-eabi/lib/armv7e-m\libg.a(lib_a-svfiprintf.o)
 .ARM.attributes
                0x000008af       0x2e e:/coide/gccc/5.4 2016q3/bin/../lib/gcc/arm-none-eabi/5.4.1/../../../../arm-none-eabi/lib/armv7e-m\libg.a(lib_a-callocr.o)
 .ARM.attributes
                0x000008dd       0x2e e:/coide/gccc/5.4 2016q3/bin/../lib/gcc/arm-none-eabi/5.4.1/../../../../arm-none-eabi/lib/armv7e-m\libg.a(lib_a-locale.o)
 .ARM.attributes
                0x0000090b       0x2e e:/coide/gccc/5.4 2016q3/bin/../lib/gcc/arm-none-eabi/5.4.1/../../../../arm-none-eabi/lib/armv7e-m\libg.a(lib_a-mbtowc_r.o)
 .ARM.attributes
                0x00000939       0x2e e:/coide/gccc/5.4 2016q3/bin/../lib/gcc/arm-none-eabi/5.4.1/../../../../arm-none-eabi/lib/armv7e-m\libg.a(lib_a-memmove.o)
 .ARM.attributes
                0x00000967       0x2e e:/coide/gccc/5.4 2016q3/bin/../lib/gcc/arm-none-eabi/5.4.1/../../../../arm-none-eabi/lib/armv7e-m\libg.a(lib_a-memset.o)
 .ARM.attributes
                0x00000995       0x2e e:/coide/gccc/5.4 2016q3/bin/../lib/gcc/arm-none-eabi/5.4.1/../../../../arm-none-eabi/lib/armv7e-m\libg.a(lib_a-reallocr.o)
 .ARM.attributes
                0x000009c3       0x2e e:/coide/gccc/5.4 2016q3/bin/../lib/gcc/arm-none-eabi/5.4.1/../../../../arm-none-eabi/lib/armv7e-m\libg.a(lib_a-wctomb_r.o)
 .ARM.attributes
                0x000009f1       0x2e e:/coide/gccc/5.4 2016q3/bin/../lib/gcc/arm-none-eabi/5.4.1/../../../../arm-none-eabi/lib/armv7e-m\libg.a(lib_a-ctype_.o)
 .ARM.attributes
                0x00000a1f       0x1e e:/coide/gccc/5.4 2016q3/bin/../lib/gcc/arm-none-eabi/5.4.1/armv7e-m\libgcc.a(_arm_unorddf2.o)
 .ARM.attributes
                0x00000a3d       0x1e e:/coide/gccc/5.4 2016q3/bin/../lib/gcc/arm-none-eabi/5.4.1/armv7e-m\libgcc.a(_arm_fixdfsi.o)
 .ARM.attributes
                0x00000a5b       0x1e e:/coide/gccc/5.4 2016q3/bin/../lib/gcc/arm-none-eabi/5.4.1/armv7e-m\libgcc.a(_aeabi_uldivmod.o)
 .ARM.attributes
                0x00000a79       0x2e e:/coide/gccc/5.4 2016q3/bin/../lib/gcc/arm-none-eabi/5.4.1/armv7e-m\libgcc.a(_udivmoddi4.o)
 .ARM.attributes
                0x00000aa7       0x1e e:/coide/gccc/5.4 2016q3/bin/../lib/gcc/arm-none-eabi/5.4.1/armv7e-m\libgcc.a(_dvmd_tls.o)

.debug_frame    0x00000000     0x4910
 .debug_frame   0x00000000      0x584 ..\obj\usb_core.o
 .debug_frame   0x00000584       0x7c ..\obj\delay.o
 .debug_frame   0x00000600      0x2c4 ..\obj\tm_stm32f4_hd44780.o
 .debug_frame   0x000008c4      0x118 ..\obj\usbd_usr.o
 .debug_frame   0x000009dc       0x4c ..\obj\startup_stm32f4xx.o
 .debug_frame   0x00000a28      0x210 ..\obj\usbd_core.o
 .debug_frame   0x00000c38      0x154 ..\obj\main.o
 .debug_frame   0x00000d8c      0x6d4 ..\obj\stm32f4xx_rcc.o
 .debug_frame   0x00001460      0x5ec ..\obj\stm32f4xx_adc.o
 .debug_frame   0x00001a4c      0x214 ..\obj\tm_stm32f4_delay.o
 .debug_frame   0x00001c60      0x114 ..\obj\usbd_desc.o
 .debug_frame   0x00001d74      0x1c4 ..\obj\tm_stm32f4_usb_vcp.o
 .debug_frame   0x00001f38      0x23c ..\obj\stm32f4xx_gpio.o
 .debug_frame   0x00002174       0xc4 ..\obj\usbd_cdc_vcp.o
 .debug_frame   0x00002238       0x7c ..\obj\system_stm32f4xx.o
 .debug_frame   0x000022b4      0x168 ..\obj\syscalls.o
 .debug_frame   0x0000241c       0xdc ..\obj\usb_bsp.o
 .debug_frame   0x000024f8      0x210 ..\obj\usbd_req.o
 .debug_frame   0x00002708      0x1e8 ..\obj\usb_dcd_int.o
 .debug_frame   0x000028f0      0x158 ..\obj\usbd_cdc_core.o
 .debug_frame   0x00002a48      0x148 ..\obj\stm32f4xx_exti.o
 .debug_frame   0x00002b90       0xd8 ..\obj\misc.o
 .debug_frame   0x00002c68      0x1e8 ..\obj\usb_dcd.o
 .debug_frame   0x00002e50      0x274 ..\obj\tm_stm32f4_gpio.o
 .debug_frame   0x000030c4       0xa4 ..\obj\tm_stm32f4_timer_properties.o
 .debug_frame   0x00003168      0x110 ..\obj\usbd_ioreq.o
 .debug_frame   0x00003278      0xe54 ..\obj\stm32f4xx_tim.o
 .debug_frame   0x000040cc       0x58 e:/coide/gccc/5.4 2016q3/bin/../lib/gcc/arm-none-eabi/5.4.1/../../../../arm-none-eabi/lib/armv7e-m\libg.a(lib_a-mallocr.o)
 .debug_frame   0x00004124       0x30 e:/coide/gccc/5.4 2016q3/bin/../lib/gcc/arm-none-eabi/5.4.1/../../../../arm-none-eabi/lib/armv7e-m\libg.a(lib_a-mlock.o)
 .debug_frame   0x00004154       0x2c e:/coide/gccc/5.4 2016q3/bin/../lib/gcc/arm-none-eabi/5.4.1/../../../../arm-none-eabi/lib/armv7e-m\libg.a(lib_a-sbrkr.o)
 .debug_frame   0x00004180       0x84 e:/coide/gccc/5.4 2016q3/bin/../lib/gcc/arm-none-eabi/5.4.1/../../../../arm-none-eabi/lib/armv7e-m\libg.a(lib_a-sprintf.o)
 .debug_frame   0x00004204       0x44 e:/coide/gccc/5.4 2016q3/bin/../lib/gcc/arm-none-eabi/5.4.1/../../../../arm-none-eabi/lib/armv7e-m\libg.a(lib_a-svfprintf.o)
 .debug_frame   0x00004248       0x88 e:/coide/gccc/5.4 2016q3/bin/../lib/gcc/arm-none-eabi/5.4.1/../../../../arm-none-eabi/lib/armv7e-m\libg.a(lib_a-dtoa.o)
 .debug_frame   0x000042d0       0x74 e:/coide/gccc/5.4 2016q3/bin/../lib/gcc/arm-none-eabi/5.4.1/../../../../arm-none-eabi/lib/armv7e-m\libg.a(lib_a-freer.o)
 .debug_frame   0x00004344       0x40 e:/coide/gccc/5.4 2016q3/bin/../lib/gcc/arm-none-eabi/5.4.1/../../../../arm-none-eabi/lib/armv7e-m\libg.a(lib_a-localeconv.o)
 .debug_frame   0x00004384      0x264 e:/coide/gccc/5.4 2016q3/bin/../lib/gcc/arm-none-eabi/5.4.1/../../../../arm-none-eabi/lib/armv7e-m\libg.a(lib_a-mprec.o)
 .debug_frame   0x000045e8       0x58 e:/coide/gccc/5.4 2016q3/bin/../lib/gcc/arm-none-eabi/5.4.1/../../../../arm-none-eabi/lib/armv7e-m\libg.a(lib_a-reent.o)
 .debug_frame   0x00004640       0x78 e:/coide/gccc/5.4 2016q3/bin/../lib/gcc/arm-none-eabi/5.4.1/../../../../arm-none-eabi/lib/armv7e-m\libg.a(lib_a-svfiprintf.o)
 .debug_frame   0x000046b8       0x28 e:/coide/gccc/5.4 2016q3/bin/../lib/gcc/arm-none-eabi/5.4.1/../../../../arm-none-eabi/lib/armv7e-m\libg.a(lib_a-callocr.o)
 .debug_frame   0x000046e0       0x84 e:/coide/gccc/5.4 2016q3/bin/../lib/gcc/arm-none-eabi/5.4.1/../../../../arm-none-eabi/lib/armv7e-m\libg.a(lib_a-locale.o)
 .debug_frame   0x00004764       0x4c e:/coide/gccc/5.4 2016q3/bin/../lib/gcc/arm-none-eabi/5.4.1/../../../../arm-none-eabi/lib/armv7e-m\libg.a(lib_a-mbtowc_r.o)
 .debug_frame   0x000047b0       0x30 e:/coide/gccc/5.4 2016q3/bin/../lib/gcc/arm-none-eabi/5.4.1/../../../../arm-none-eabi/lib/armv7e-m\libg.a(lib_a-memmove.o)
 .debug_frame   0x000047e0       0x34 e:/coide/gccc/5.4 2016q3/bin/../lib/gcc/arm-none-eabi/5.4.1/../../../../arm-none-eabi/lib/armv7e-m\libg.a(lib_a-memset.o)
 .debug_frame   0x00004814       0x60 e:/coide/gccc/5.4 2016q3/bin/../lib/gcc/arm-none-eabi/5.4.1/../../../../arm-none-eabi/lib/armv7e-m\libg.a(lib_a-reallocr.o)
 .debug_frame   0x00004874       0x3c e:/coide/gccc/5.4 2016q3/bin/../lib/gcc/arm-none-eabi/5.4.1/../../../../arm-none-eabi/lib/armv7e-m\libg.a(lib_a-wctomb_r.o)
 .debug_frame   0x000048b0       0x2c e:/coide/gccc/5.4 2016q3/bin/../lib/gcc/arm-none-eabi/5.4.1/armv7e-m\libgcc.a(_aeabi_uldivmod.o)
 .debug_frame   0x000048dc       0x34 e:/coide/gccc/5.4 2016q3/bin/../lib/gcc/arm-none-eabi/5.4.1/armv7e-m\libgcc.a(_udivmoddi4.o)
